main.c:114:5:main	72	static
main.c:249:6:SystemClock_Config	136	static
main.c:301:13:MX_CRC_Init	8	static
main.c:327:13:MX_DMA2D_Init	8	static
main.c:364:13:MX_I2C3_Init	8	static
main.c:410:13:MX_LTDC_Init	64	static
main.c:472:13:MX_SPI5_Init	8	static
main.c:510:13:MX_TIM1_Init	32	static
main.c:556:13:MX_TIM10_Init	8	static
main.c:587:13:MX_USART1_UART_Init	8	static
main.c:616:13:MX_FMC_Init	40	static
main.c:667:13:MX_GPIO_Init	64	static
main.c:767:6:Task1	48	static
main.c:804:6:Task2	56	static
main.c:859:6:StartDefaultTask	16	static
main.c:880:6:HAL_TIM_PeriodElapsedCallback	24	static
main.c:904:6:Error_Handler	4	static
