Archive member included to satisfy reference by file (symbol)

c:/st/stm32cubeide_1.3.0/stm32cubeide/plugins/com.st.stm32cube.ide.mcu.externaltools.gnu-tools-for-stm32.7-2018-q2-update.win32_1.0.0.201904181610/tools/bin/../lib/gcc/arm-none-eabi/7.3.1/../../../../arm-none-eabi/lib/thumb/v7e-m/fpv4-sp/hard\libc_nano.a(lib_a-errno.o)
                              Src/syscalls.o (__errno)
c:/st/stm32cubeide_1.3.0/stm32cubeide/plugins/com.st.stm32cube.ide.mcu.externaltools.gnu-tools-for-stm32.7-2018-q2-update.win32_1.0.0.201904181610/tools/bin/../lib/gcc/arm-none-eabi/7.3.1/../../../../arm-none-eabi/lib/thumb/v7e-m/fpv4-sp/hard\libc_nano.a(lib_a-exit.o)
                              c:/st/stm32cubeide_1.3.0/stm32cubeide/plugins/com.st.stm32cube.ide.mcu.externaltools.gnu-tools-for-stm32.7-2018-q2-update.win32_1.0.0.201904181610/tools/bin/../lib/gcc/arm-none-eabi/7.3.1/../../../../arm-none-eabi/lib/thumb/v7e-m/fpv4-sp/hard/crt0.o (exit)
c:/st/stm32cubeide_1.3.0/stm32cubeide/plugins/com.st.stm32cube.ide.mcu.externaltools.gnu-tools-for-stm32.7-2018-q2-update.win32_1.0.0.201904181610/tools/bin/../lib/gcc/arm-none-eabi/7.3.1/../../../../arm-none-eabi/lib/thumb/v7e-m/fpv4-sp/hard\libc_nano.a(lib_a-impure.o)
                              c:/st/stm32cubeide_1.3.0/stm32cubeide/plugins/com.st.stm32cube.ide.mcu.externaltools.gnu-tools-for-stm32.7-2018-q2-update.win32_1.0.0.201904181610/tools/bin/../lib/gcc/arm-none-eabi/7.3.1/../../../../arm-none-eabi/lib/thumb/v7e-m/fpv4-sp/hard\libc_nano.a(lib_a-exit.o) (_global_impure_ptr)
c:/st/stm32cubeide_1.3.0/stm32cubeide/plugins/com.st.stm32cube.ide.mcu.externaltools.gnu-tools-for-stm32.7-2018-q2-update.win32_1.0.0.201904181610/tools/bin/../lib/gcc/arm-none-eabi/7.3.1/../../../../arm-none-eabi/lib/thumb/v7e-m/fpv4-sp/hard\libc_nano.a(lib_a-init.o)
                              c:/st/stm32cubeide_1.3.0/stm32cubeide/plugins/com.st.stm32cube.ide.mcu.externaltools.gnu-tools-for-stm32.7-2018-q2-update.win32_1.0.0.201904181610/tools/bin/../lib/gcc/arm-none-eabi/7.3.1/../../../../arm-none-eabi/lib/thumb/v7e-m/fpv4-sp/hard/crt0.o (__libc_init_array)
c:/st/stm32cubeide_1.3.0/stm32cubeide/plugins/com.st.stm32cube.ide.mcu.externaltools.gnu-tools-for-stm32.7-2018-q2-update.win32_1.0.0.201904181610/tools/bin/../lib/gcc/arm-none-eabi/7.3.1/../../../../arm-none-eabi/lib/thumb/v7e-m/fpv4-sp/hard\libc_nano.a(lib_a-malloc.o)
                              Middlewares/ST/STM32_USB_Host_Library/Class/CDC/Src/usbh_cdc.o (malloc)
c:/st/stm32cubeide_1.3.0/stm32cubeide/plugins/com.st.stm32cube.ide.mcu.externaltools.gnu-tools-for-stm32.7-2018-q2-update.win32_1.0.0.201904181610/tools/bin/../lib/gcc/arm-none-eabi/7.3.1/../../../../arm-none-eabi/lib/thumb/v7e-m/fpv4-sp/hard\libc_nano.a(lib_a-memcpy-stub.o)
                              Middlewares/Third_Party/FreeRTOS/Source/queue.o (memcpy)
c:/st/stm32cubeide_1.3.0/stm32cubeide/plugins/com.st.stm32cube.ide.mcu.externaltools.gnu-tools-for-stm32.7-2018-q2-update.win32_1.0.0.201904181610/tools/bin/../lib/gcc/arm-none-eabi/7.3.1/../../../../arm-none-eabi/lib/thumb/v7e-m/fpv4-sp/hard\libc_nano.a(lib_a-memset.o)
                              c:/st/stm32cubeide_1.3.0/stm32cubeide/plugins/com.st.stm32cube.ide.mcu.externaltools.gnu-tools-for-stm32.7-2018-q2-update.win32_1.0.0.201904181610/tools/bin/../lib/gcc/arm-none-eabi/7.3.1/../../../../arm-none-eabi/lib/thumb/v7e-m/fpv4-sp/hard/crt0.o (memset)
c:/st/stm32cubeide_1.3.0/stm32cubeide/plugins/com.st.stm32cube.ide.mcu.externaltools.gnu-tools-for-stm32.7-2018-q2-update.win32_1.0.0.201904181610/tools/bin/../lib/gcc/arm-none-eabi/7.3.1/../../../../arm-none-eabi/lib/thumb/v7e-m/fpv4-sp/hard\libc_nano.a(lib_a-nano-freer.o)
                              c:/st/stm32cubeide_1.3.0/stm32cubeide/plugins/com.st.stm32cube.ide.mcu.externaltools.gnu-tools-for-stm32.7-2018-q2-update.win32_1.0.0.201904181610/tools/bin/../lib/gcc/arm-none-eabi/7.3.1/../../../../arm-none-eabi/lib/thumb/v7e-m/fpv4-sp/hard\libc_nano.a(lib_a-malloc.o) (_free_r)
c:/st/stm32cubeide_1.3.0/stm32cubeide/plugins/com.st.stm32cube.ide.mcu.externaltools.gnu-tools-for-stm32.7-2018-q2-update.win32_1.0.0.201904181610/tools/bin/../lib/gcc/arm-none-eabi/7.3.1/../../../../arm-none-eabi/lib/thumb/v7e-m/fpv4-sp/hard\libc_nano.a(lib_a-nano-mallocr.o)
                              c:/st/stm32cubeide_1.3.0/stm32cubeide/plugins/com.st.stm32cube.ide.mcu.externaltools.gnu-tools-for-stm32.7-2018-q2-update.win32_1.0.0.201904181610/tools/bin/../lib/gcc/arm-none-eabi/7.3.1/../../../../arm-none-eabi/lib/thumb/v7e-m/fpv4-sp/hard\libc_nano.a(lib_a-malloc.o) (_malloc_r)
c:/st/stm32cubeide_1.3.0/stm32cubeide/plugins/com.st.stm32cube.ide.mcu.externaltools.gnu-tools-for-stm32.7-2018-q2-update.win32_1.0.0.201904181610/tools/bin/../lib/gcc/arm-none-eabi/7.3.1/../../../../arm-none-eabi/lib/thumb/v7e-m/fpv4-sp/hard\libc_nano.a(lib_a-sbrkr.o)
[...]
Memory Configuration

Name             Origin             Length             Attributes
CCMRAM           0x0000000010000000 0x0000000000010000 xrw
RAM              0x0000000020000000 0x0000000000030000 xrw
FLASH            0x0000000008000000 0x0000000000200000 xr
*default*        0x0000000000000000 0xffffffffffffffff

Linker script and memory map

LOAD c:/st/stm32cubeide_1.3.0/stm32cubeide/plugins/com.st.stm32cube.ide.mcu.externaltools.gnu-tools-for-stm32.7-2018-q2-update.win32_1.0.0.201904181610/tools/bin/../lib/gcc/arm-none-eabi/7.3.1/thumb/v7e-m/fpv4-sp/hard/crti.o
LOAD c:/st/stm32cubeide_1.3.0/stm32cubeide/plugins/com.st.stm32cube.ide.mcu.externaltools.gnu-tools-for-stm32.7-2018-q2-update.win32_1.0.0.201904181610/tools/bin/../lib/gcc/arm-none-eabi/7.3.1/thumb/v7e-m/fpv4-sp/hard/crtbegin.o
LOAD c:/st/stm32cubeide_1.3.0/stm32cubeide/plugins/com.st.stm32cube.ide.mcu.externaltools.gnu-tools-for-stm32.7-2018-q2-update.win32_1.0.0.201904181610/tools/bin/../lib/gcc/arm-none-eabi/7.3.1/../../../../arm-none-eabi/lib/thumb/v7e-m/fpv4-sp/hard/crt0.o
LOAD Drivers/STM32F4xx_HAL_Driver/Src/stm32f4xx_hal.o
LOAD Drivers/STM32F4xx_HAL_Driver/Src/stm32f4xx_hal_cortex.o
LOAD Drivers/STM32F4xx_HAL_Driver/Src/stm32f4xx_hal_crc.o
LOAD Drivers/STM32F4xx_HAL_Driver/Src/stm32f4xx_hal_dma.o
LOAD Drivers/STM32F4xx_HAL_Driver/Src/stm32f4xx_hal_dma2d.o
LOAD Drivers/STM32F4xx_HAL_Driver/Src/stm32f4xx_hal_dma_ex.o
LOAD Drivers/STM32F4xx_HAL_Driver/Src/stm32f4xx_hal_dsi.o
LOAD Drivers/STM32F4xx_HAL_Driver/Src/stm32f4xx_hal_exti.o
LOAD Drivers/STM32F4xx_HAL_Driver/Src/stm32f4xx_hal_flash.o
LOAD Drivers/STM32F4xx_HAL_Driver/Src/stm32f4xx_hal_flash_ex.o
LOAD Drivers/STM32F4xx_HAL_Driver/Src/stm32f4xx_hal_flash_ramfunc.o
LOAD Drivers/STM32F4xx_HAL_Driver/Src/stm32f4xx_hal_gpio.o
LOAD Drivers/STM32F4xx_HAL_Driver/Src/stm32f4xx_hal_hcd.o
LOAD Drivers/STM32F4xx_HAL_Driver/Src/stm32f4xx_hal_i2c.o
LOAD Drivers/STM32F4xx_HAL_Driver/Src/stm32f4xx_hal_i2c_ex.o
LOAD Drivers/STM32F4xx_HAL_Driver/Src/stm32f4xx_hal_ltdc.o
LOAD Drivers/STM32F4xx_HAL_Driver/Src/stm32f4xx_hal_ltdc_ex.o
LOAD Drivers/STM32F4xx_HAL_Driver/Src/stm32f4xx_hal_pwr.o
LOAD Drivers/STM32F4xx_HAL_Driver/Src/stm32f4xx_hal_pwr_ex.o
LOAD Drivers/STM32F4xx_HAL_Driver/Src/stm32f4xx_hal_rcc.o
LOAD Drivers/STM32F4xx_HAL_Driver/Src/stm32f4xx_hal_rcc_ex.o
LOAD Drivers/STM32F4xx_HAL_Driver/Src/stm32f4xx_hal_sdram.o
LOAD Drivers/STM32F4xx_HAL_Driver/Src/stm32f4xx_hal_spi.o
LOAD Drivers/STM32F4xx_HAL_Driver/Src/stm32f4xx_hal_tim.o
LOAD Drivers/STM32F4xx_HAL_Driver/Src/stm32f4xx_hal_tim_ex.o
LOAD Drivers/STM32F4xx_HAL_Driver/Src/stm32f4xx_hal_uart.o
LOAD Drivers/STM32F4xx_HAL_Driver/Src/stm32f4xx_ll_fmc.o
LOAD Drivers/STM32F4xx_HAL_Driver/Src/stm32f4xx_ll_usb.o
LOAD Middlewares/ST/STM32_USB_Host_Library/Class/CDC/Src/usbh_cdc.o
LOAD Middlewares/ST/STM32_USB_Host_Library/Core/Src/usbh_core.o
LOAD Middlewares/ST/STM32_USB_Host_Library/Core/Src/usbh_ctlreq.o
LOAD Middlewares/ST/STM32_USB_Host_Library/Core/Src/usbh_ioreq.o
LOAD Middlewares/ST/STM32_USB_Host_Library/Core/Src/usbh_pipes.o
LOAD Middlewares/Third_Party/FreeRTOS/Source/CMSIS_RTOS/cmsis_os.o
LOAD Middlewares/Third_Party/FreeRTOS/Source/croutine.o
LOAD Middlewares/Third_Party/FreeRTOS/Source/event_groups.o
LOAD Middlewares/Third_Party/FreeRTOS/Source/list.o
LOAD Middlewares/Third_Party/FreeRTOS/Source/queue.o
LOAD Middlewares/Third_Party/FreeRTOS/Source/stream_buffer.o
LOAD Middlewares/Third_Party/FreeRTOS/Source/tasks.o
LOAD Middlewares/Third_Party/FreeRTOS/Source/timers.o
LOAD Middlewares/Third_Party/FreeRTOS/Source/portable/GCC/ARM_CM4F/port.o
LOAD Middlewares/Third_Party/FreeRTOS/Source/portable/MemMang/heap_4.o
LOAD Src/freertos.o
LOAD Src/lcd_i2cModule.o
LOAD Src/main.o
LOAD Src/stm32f4xx_hal_msp.o
LOAD Src/stm32f4xx_hal_timebase_tim.o
LOAD Src/stm32f4xx_it.o
LOAD Src/syscalls.o
LOAD Src/sysmem.o
LOAD Src/system_stm32f4xx.o
LOAD Src/usb_host.o
LOAD Src/usbh_conf.o
LOAD Src/usbh_platform.o
LOAD Startup/startup_stm32f429zitx.o
START GROUP
LOAD c:/st/stm32cubeide_1.3.0/stm32cubeide/plugins/com.st.stm32cube.ide.mcu.externaltools.gnu-tools-for-stm32.7-2018-q2-update.win32_1.0.0.201904181610/tools/bin/../lib/gcc/arm-none-eabi/7.3.1/../../../../arm-none-eabi/lib/thumb/v7e-m/fpv4-sp/hard\libc_nano.a
LOAD c:/st/stm32cubeide_1.3.0/stm32cubeide/plugins/com.st.stm32cube.ide.mcu.externaltools.gnu-tools-for-stm32.7-2018-q2-update.win32_1.0.0.201904181610/tools/bin/../lib/gcc/arm-none-eabi/7.3.1/../../../../arm-none-eabi/lib/thumb/v7e-m/fpv4-sp/hard\libm.a
END GROUP
START GROUP
LOAD c:/st/stm32cubeide_1.3.0/stm32cubeide/plugins/com.st.stm32cube.ide.mcu.externaltools.gnu-tools-for-stm32.7-2018-q2-update.win32_1.0.0.201904181610/tools/bin/../lib/gcc/arm-none-eabi/7.3.1/thumb/v7e-m/fpv4-sp/hard\libgcc.a
LOAD c:/st/stm32cubeide_1.3.0/stm32cubeide/plugins/com.st.stm32cube.ide.mcu.externaltools.gnu-tools-for-stm32.7-2018-q2-update.win32_1.0.0.201904181610/tools/bin/../lib/gcc/arm-none-eabi/7.3.1/../../../../arm-none-eabi/lib/thumb/v7e-m/fpv4-sp/hard\libc_nano.a
END GROUP
START GROUP
LOAD c:/st/stm32cubeide_1.3.0/stm32cubeide/plugins/com.st.stm32cube.ide.mcu.externaltools.gnu-tools-for-stm32.7-2018-q2-update.win32_1.0.0.201904181610/tools/bin/../lib/gcc/arm-none-eabi/7.3.1/thumb/v7e-m/fpv4-sp/hard\libgcc.a
LOAD c:/st/stm32cubeide_1.3.0/stm32cubeide/plugins/com.st.stm32cube.ide.mcu.externaltools.gnu-tools-for-stm32.7-2018-q2-update.win32_1.0.0.201904181610/tools/bin/../lib/gcc/arm-none-eabi/7.3.1/../../../../arm-none-eabi/lib/thumb/v7e-m/fpv4-sp/hard\libc_nano.a
LOAD c:/st/stm32cubeide_1.3.0/stm32cubeide/plugins/com.st.stm32cube.ide.mcu.externaltools.gnu-tools-for-stm32.7-2018-q2-update.win32_1.0.0.201904181610/tools/bin/../lib/gcc/arm-none-eabi/7.3.1/../../../../arm-none-eabi/lib/thumb/v7e-m/fpv4-sp/hard\libnosys.a
END GROUP
START GROUP
LOAD c:/st/stm32cubeide_1.3.0/stm32cubeide/plugins/com.st.stm32cube.ide.mcu.externaltools.gnu-tools-for-stm32.7-2018-q2-update.win32_1.0.0.201904181610/tools/bin/../lib/gcc/arm-none-eabi/7.3.1/thumb/v7e-m/fpv4-sp/hard\libgcc.a
LOAD c:/st/stm32cubeide_1.3.0/stm32cubeide/plugins/com.st.stm32cube.ide.mcu.externaltools.gnu-tools-for-stm32.7-2018-q2-update.win32_1.0.0.201904181610/tools/bin/../lib/gcc/arm-none-eabi/7.3.1/../../../../arm-none-eabi/lib/thumb/v7e-m/fpv4-sp/hard\libc_nano.a
LOAD c:/st/stm32cubeide_1.3.0/stm32cubeide/plugins/com.st.stm32cube.ide.mcu.externaltools.gnu-tools-for-stm32.7-2018-q2-update.win32_1.0.0.201904181610/tools/bin/../lib/gcc/arm-none-eabi/7.3.1/../../../../arm-none-eabi/lib/thumb/v7e-m/fpv4-sp/hard\libnosys.a
END GROUP
LOAD c:/st/stm32cubeide_1.3.0/stm32cubeide/plugins/com.st.stm32cube.ide.mcu.externaltools.gnu-tools-for-stm32.7-2018-q2-update.win32_1.0.0.201904181610/tools/bin/../lib/gcc/arm-none-eabi/7.3.1/thumb/v7e-m/fpv4-sp/hard/crtend.o
LOAD c:/st/stm32cubeide_1.3.0/stm32cubeide/plugins/com.st.stm32cube.ide.mcu.externaltools.gnu-tools-for-stm32.7-2018-q2-update.win32_1.0.0.201904181610/tools/bin/../lib/gcc/arm-none-eabi/7.3.1/thumb/v7e-m/fpv4-sp/hard/crtn.o
                0x0000000020030000                _estack = (ORIGIN (RAM) + LENGTH (RAM))
                0x0000000000000200                _Min_Heap_Size = 0x200
                0x0000000000000400                _Min_Stack_Size = 0x400

.isr_vector     0x0000000008000000      0x1ac
                0x0000000008000000                . = ALIGN (0x4)
 *(.isr_vector)
 .isr_vector    0x0000000008000000      0x1ac Startup/startup_stm32f429zitx.o
                0x0000000008000000                g_pfnVectors
                0x00000000080001ac                . = ALIGN (0x4)

.text           0x00000000080001b0     0xd4b8
                0x00000000080001b0                . = ALIGN (0x4)
 *(.text)
 .text          0x00000000080001b0       0x40 c:/st/stm32cubeide_1.3.0/stm32cubeide/plugins/com.st.stm32cube.ide.mcu.externaltools.gnu-tools-for-stm32.7-2018-q2-update.win32_1.0.0.201904181610/tools/bin/../lib/gcc/arm-none-eabi/7.3.1/thumb/v7e-m/fpv4-sp/hard/crtbegin.o
 .text          0x00000000080001f0       0x10 c:/st/stm32cubeide_1.3.0/stm32cubeide/plugins/com.st.stm32cube.ide.mcu.externaltools.gnu-tools-for-stm32.7-2018-q2-update.win32_1.0.0.201904181610/tools/bin/../lib/gcc/arm-none-eabi/7.3.1/../../../../arm-none-eabi/lib/thumb/v7e-m/fpv4-sp/hard\libc_nano.a(lib_a-strlen.o)
                0x00000000080001f0                strlen
 .text          0x0000000008000200       0x30 c:/st/stm32cubeide_1.3.0/stm32cubeide/plugins/com.st.stm32cube.ide.mcu.externaltools.gnu-tools-for-stm32.7-2018-q2-update.win32_1.0.0.201904181610/tools/bin/../lib/gcc/arm-none-eabi/7.3.1/thumb/v7e-m/fpv4-sp/hard\libgcc.a(_aeabi_uldivmod.o)
                0x0000000008000200                __aeabi_uldivmod
 .text          0x0000000008000230      0x2cc c:/st/stm32cubeide_1.3.0/stm32cubeide/plugins/com.st.stm32cube.ide.mcu.externaltools.gnu-tools-for-stm32.7-2018-q2-update.win32_1.0.0.201904181610/tools/bin/../lib/gcc/arm-none-eabi/7.3.1/thumb/v7e-m/fpv4-sp/hard\libgcc.a(_udivmoddi4.o)
                0x0000000008000230                __udivmoddi4
 .text          0x00000000080004fc        0x4 c:/st/stm32cubeide_1.3.0/stm32cubeide/plugins/com.st.stm32cube.ide.mcu.externaltools.gnu-tools-for-stm32.7-2018-q2-update.win32_1.0.0.201904181610/tools/bin/../lib/gcc/arm-none-eabi/7.3.1/thumb/v7e-m/fpv4-sp/hard\libgcc.a(_dvmd_tls.o)
                0x00000000080004fc                __aeabi_idiv0
                0x00000000080004fc                __aeabi_ldiv0
 *(.text*)
 .text.HAL_Init
                0x0000000008000500       0x44 Drivers/STM32F4xx_HAL_Driver/Src/stm32f4xx_hal.o
                0x0000000008000500                HAL_Init
 .text.HAL_IncTick
                0x0000000008000544       0x28 Drivers/STM32F4xx_HAL_Driver/Src/stm32f4xx_hal.o
                0x0000000008000544                HAL_IncTick
 .text.HAL_GetTick
                0x000000000800056c       0x18 Drivers/STM32F4xx_HAL_Driver/Src/stm32f4xx_hal.o
                0x000000000800056c                HAL_GetTick
 .text.HAL_Delay
                0x0000000008000584       0x44 Drivers/STM32F4xx_HAL_Driver/Src/stm32f4xx_hal.o
                0x0000000008000584                HAL_Delay
 .text.__NVIC_SetPriorityGrouping
                0x00000000080005c8       0x48 Drivers/STM32F4xx_HAL_Driver/Src/stm32f4xx_hal_cortex.o
 .text.__NVIC_GetPriorityGrouping
                0x0000000008000610       0x1c Drivers/STM32F4xx_HAL_Driver/Src/stm32f4xx_hal_cortex.o
 .text.__NVIC_EnableIRQ
                0x000000000800062c       0x3c Drivers/STM32F4xx_HAL_Driver/Src/stm32f4xx_hal_cortex.o
 .text.__NVIC_SetPriority
                0x0000000008000668       0x54 Drivers/STM32F4xx_HAL_Driver/Src/stm32f4xx_hal_cortex.o
 .text.NVIC_EncodePriority
                0x00000000080006bc       0x66 Drivers/STM32F4xx_HAL_Driver/Src/stm32f4xx_hal_cortex.o
 .text.HAL_NVIC_SetPriorityGrouping
                0x0000000008000722       0x16 Drivers/STM32F4xx_HAL_Driver/Src/stm32f4xx_hal_cortex.o
                0x0000000008000722                HAL_NVIC_SetPriorityGrouping
 .text.HAL_NVIC_SetPriority
                0x0000000008000738       0x38 Drivers/STM32F4xx_HAL_Driver/Src/stm32f4xx_hal_cortex.o
                0x0000000008000738                HAL_NVIC_SetPriority
 .text.HAL_NVIC_EnableIRQ
                0x0000000008000770       0x1c Drivers/STM32F4xx_HAL_Driver/Src/stm32f4xx_hal_cortex.o
                0x0000000008000770                HAL_NVIC_EnableIRQ
 .text.HAL_CRC_Init
                0x000000000800078c       0x38 Drivers/STM32F4xx_HAL_Driver/Src/stm32f4xx_hal_crc.o
                0x000000000800078c                HAL_CRC_Init
 .text.HAL_DMA2D_Init
                0x00000000080007c4       0x92 Drivers/STM32F4xx_HAL_Driver/Src/stm32f4xx_hal_dma2d.o
                0x00000000080007c4                HAL_DMA2D_Init
 .text.HAL_DMA2D_IRQHandler
                0x0000000008000856      0x1f8 Drivers/STM32F4xx_HAL_Driver/Src/stm32f4xx_hal_dma2d.o
                0x0000000008000856                HAL_DMA2D_IRQHandler
 .text.HAL_DMA2D_LineEventCallback
                0x0000000008000a4e       0x14 Drivers/STM32F4xx_HAL_Driver/Src/stm32f4xx_hal_dma2d.o
                0x0000000008000a4e                HAL_DMA2D_LineEventCallback
 .text.HAL_DMA2D_CLUTLoadingCpltCallback
                0x0000000008000a62       0x14 Drivers/STM32F4xx_HAL_Driver/Src/stm32f4xx_hal_dma2d.o
                0x0000000008000a62                HAL_DMA2D_CLUTLoadingCpltCallback
 *fill*         0x0000000008000a76        0x2 
 .text.HAL_DMA2D_ConfigLayer
                0x0000000008000a78      0x124 Drivers/STM32F4xx_HAL_Driver/Src/stm32f4xx_hal_dma2d.o
                0x0000000008000a78                HAL_DMA2D_ConfigLayer
 .text.HAL_GPIO_Init
                0x0000000008000b9c      0x354 Drivers/STM32F4xx_HAL_Driver/Src/stm32f4xx_hal_gpio.o
                0x0000000008000b9c                HAL_GPIO_Init
 .text.HAL_GPIO_ReadPin
                0x0000000008000ef0       0x30 Drivers/STM32F4xx_HAL_Driver/Src/stm32f4xx_hal_gpio.o
                0x0000000008000ef0                HAL_GPIO_ReadPin
 .text.HAL_GPIO_WritePin
                0x0000000008000f20       0x32 Drivers/STM32F4xx_HAL_Driver/Src/stm32f4xx_hal_gpio.o
                0x0000000008000f20                HAL_GPIO_WritePin
 *fill*         0x0000000008000f52        0x2 
 .text.HAL_GPIO_EXTI_IRQHandler
                0x0000000008000f54       0x30 Drivers/STM32F4xx_HAL_Driver/Src/stm32f4xx_hal_gpio.o
                0x0000000008000f54                HAL_GPIO_EXTI_IRQHandler
 .text.HAL_GPIO_EXTI_Callback
                0x0000000008000f84       0x16 Drivers/STM32F4xx_HAL_Driver/Src/stm32f4xx_hal_gpio.o
                0x0000000008000f84                HAL_GPIO_EXTI_Callback
 .text.HAL_HCD_Init
                0x0000000008000f9a       0xc4 Drivers/STM32F4xx_HAL_Driver/Src/stm32f4xx_hal_hcd.o
                0x0000000008000f9a                HAL_HCD_Init
 .text.HAL_HCD_HC_Init
                0x000000000800105e      0x130 Drivers/STM32F4xx_HAL_Driver/Src/stm32f4xx_hal_hcd.o
                0x000000000800105e                HAL_HCD_HC_Init
 .text.HAL_HCD_HC_Halt
                0x000000000800118e       0x46 Drivers/STM32F4xx_HAL_Driver/Src/stm32f4xx_hal_hcd.o
                0x000000000800118e                HAL_HCD_HC_Halt
 .text.HAL_HCD_HC_SubmitRequest
                0x00000000080011d4      0x2e4 Drivers/STM32F4xx_HAL_Driver/Src/stm32f4xx_hal_hcd.o
                0x00000000080011d4                HAL_HCD_HC_SubmitRequest
 .text.HAL_HCD_IRQHandler
                0x00000000080014b8      0x208 Drivers/STM32F4xx_HAL_Driver/Src/stm32f4xx_hal_hcd.o
                0x00000000080014b8                HAL_HCD_IRQHandler
 .text.HAL_HCD_Start
                0x00000000080016c0       0x46 Drivers/STM32F4xx_HAL_Driver/Src/stm32f4xx_hal_hcd.o
                0x00000000080016c0                HAL_HCD_Start
 .text.HAL_HCD_Stop
                0x0000000008001706       0x3a Drivers/STM32F4xx_HAL_Driver/Src/stm32f4xx_hal_hcd.o
                0x0000000008001706                HAL_HCD_Stop
 .text.HAL_HCD_ResetPort
                0x0000000008001740       0x1c Drivers/STM32F4xx_HAL_Driver/Src/stm32f4xx_hal_hcd.o
                0x0000000008001740                HAL_HCD_ResetPort
 .text.HAL_HCD_HC_GetURBState
                0x000000000800175c       0x2a Drivers/STM32F4xx_HAL_Driver/Src/stm32f4xx_hal_hcd.o
                0x000000000800175c                HAL_HCD_HC_GetURBState
 .text.HAL_HCD_HC_GetXferCount
                0x0000000008001786       0x2a Drivers/STM32F4xx_HAL_Driver/Src/stm32f4xx_hal_hcd.o
                0x0000000008001786                HAL_HCD_HC_GetXferCount
 .text.HAL_HCD_GetCurrentFrame
                0x00000000080017b0       0x1c Drivers/STM32F4xx_HAL_Driver/Src/stm32f4xx_hal_hcd.o
                0x00000000080017b0                HAL_HCD_GetCurrentFrame
 .text.HAL_HCD_GetCurrentSpeed
                0x00000000080017cc       0x1c Drivers/STM32F4xx_HAL_Driver/Src/stm32f4xx_hal_hcd.o
                0x00000000080017cc                HAL_HCD_GetCurrentSpeed
 .text.HCD_HC_IN_IRQHandler
                0x00000000080017e8      0x86a Drivers/STM32F4xx_HAL_Driver/Src/stm32f4xx_hal_hcd.o
 .text.HCD_HC_OUT_IRQHandler
                0x0000000008002052      0x6ea Drivers/STM32F4xx_HAL_Driver/Src/stm32f4xx_hal_hcd.o
 .text.HCD_RXQLVL_IRQHandler
                0x000000000800273c      0x158 Drivers/STM32F4xx_HAL_Driver/Src/stm32f4xx_hal_hcd.o
 .text.HCD_Port_IRQHandler
                0x0000000008002894       0xe6 Drivers/STM32F4xx_HAL_Driver/Src/stm32f4xx_hal_hcd.o
 *fill*         0x000000000800297a        0x2 
 .text.HAL_I2C_Init
                0x000000000800297c      0x270 Drivers/STM32F4xx_HAL_Driver/Src/stm32f4xx_hal_i2c.o
                0x000000000800297c                HAL_I2C_Init
 .text.HAL_I2C_Master_Transmit
                0x0000000008002bec      0x1fc Drivers/STM32F4xx_HAL_Driver/Src/stm32f4xx_hal_i2c.o
                0x0000000008002bec                HAL_I2C_Master_Transmit
 .text.HAL_I2C_IsDeviceReady
                0x0000000008002de8      0x25c Drivers/STM32F4xx_HAL_Driver/Src/stm32f4xx_hal_i2c.o
                0x0000000008002de8                HAL_I2C_IsDeviceReady
 .text.I2C_MasterRequestWrite
                0x0000000008003044      0x104 Drivers/STM32F4xx_HAL_Driver/Src/stm32f4xx_hal_i2c.o
 .text.I2C_WaitOnFlagUntilTimeout
                0x0000000008003148       0xae Drivers/STM32F4xx_HAL_Driver/Src/stm32f4xx_hal_i2c.o
 .text.I2C_WaitOnMasterAddressFlagUntilTimeout
                0x00000000080031f6       0xfe Drivers/STM32F4xx_HAL_Driver/Src/stm32f4xx_hal_i2c.o
 .text.I2C_WaitOnTXEFlagUntilTimeout
                0x00000000080032f4       0x82 Drivers/STM32F4xx_HAL_Driver/Src/stm32f4xx_hal_i2c.o
 .text.I2C_WaitOnBTFFlagUntilTimeout
                0x0000000008003376       0x82 Drivers/STM32F4xx_HAL_Driver/Src/stm32f4xx_hal_i2c.o
 .text.I2C_IsAcknowledgeFailed
                0x00000000080033f8       0x5e Drivers/STM32F4xx_HAL_Driver/Src/stm32f4xx_hal_i2c.o
 .text.HAL_I2CEx_ConfigAnalogFilter
                0x0000000008003456       0x78 Drivers/STM32F4xx_HAL_Driver/Src/stm32f4xx_hal_i2c_ex.o
                0x0000000008003456                HAL_I2CEx_ConfigAnalogFilter
 .text.HAL_I2CEx_ConfigDigitalFilter
                0x00000000080034ce       0x7e Drivers/STM32F4xx_HAL_Driver/Src/stm32f4xx_hal_i2c_ex.o
                0x00000000080034ce                HAL_I2CEx_ConfigDigitalFilter
 .text.HAL_LTDC_Init
                0x000000000800354c      0x1a0 Drivers/STM32F4xx_HAL_Driver/Src/stm32f4xx_hal_ltdc.o
                0x000000000800354c                HAL_LTDC_Init
 .text.HAL_LTDC_IRQHandler
                0x00000000080036ec      0x148 Drivers/STM32F4xx_HAL_Driver/Src/stm32f4xx_hal_ltdc.o
                0x00000000080036ec                HAL_LTDC_IRQHandler
 .text.HAL_LTDC_ErrorCallback
                0x0000000008003834       0x14 Drivers/STM32F4xx_HAL_Driver/Src/stm32f4xx_hal_ltdc.o
                0x0000000008003834                HAL_LTDC_ErrorCallback
 .text.HAL_LTDC_LineEventCallback
                0x0000000008003848       0x14 Drivers/STM32F4xx_HAL_Driver/Src/stm32f4xx_hal_ltdc.o
                0x0000000008003848                HAL_LTDC_LineEventCallback
 .text.HAL_LTDC_ReloadEventCallback
                0x000000000800385c       0x14 Drivers/STM32F4xx_HAL_Driver/Src/stm32f4xx_hal_ltdc.o
                0x000000000800385c                HAL_LTDC_ReloadEventCallback
 .text.HAL_LTDC_ConfigLayer
                0x0000000008003870       0x7c Drivers/STM32F4xx_HAL_Driver/Src/stm32f4xx_hal_ltdc.o
                0x0000000008003870                HAL_LTDC_ConfigLayer
 .text.LTDC_SetConfig
                0x00000000080038ec      0x32e Drivers/STM32F4xx_HAL_Driver/Src/stm32f4xx_hal_ltdc.o
 *fill*         0x0000000008003c1a        0x2 
 .text.HAL_RCC_OscConfig
                0x0000000008003c1c      0x4e0 Drivers/STM32F4xx_HAL_Driver/Src/stm32f4xx_hal_rcc.o
                0x0000000008003c1c                HAL_RCC_OscConfig
 .text.HAL_RCC_ClockConfig
                0x00000000080040fc      0x1cc Drivers/STM32F4xx_HAL_Driver/Src/stm32f4xx_hal_rcc.o
                0x00000000080040fc                HAL_RCC_ClockConfig
 .text.HAL_RCC_GetSysClockFreq
                0x00000000080042c8      0x1b0 Drivers/STM32F4xx_HAL_Driver/Src/stm32f4xx_hal_rcc.o
                0x00000000080042c8                HAL_RCC_GetSysClockFreq
 .text.HAL_RCC_GetHCLKFreq
                0x0000000008004478       0x18 Drivers/STM32F4xx_HAL_Driver/Src/stm32f4xx_hal_rcc.o
                0x0000000008004478                HAL_RCC_GetHCLKFreq
 .text.HAL_RCC_GetPCLK1Freq
                0x0000000008004490       0x28 Drivers/STM32F4xx_HAL_Driver/Src/stm32f4xx_hal_rcc.o
                0x0000000008004490                HAL_RCC_GetPCLK1Freq
 .text.HAL_RCC_GetPCLK2Freq
                0x00000000080044b8       0x28 Drivers/STM32F4xx_HAL_Driver/Src/stm32f4xx_hal_rcc.o
                0x00000000080044b8                HAL_RCC_GetPCLK2Freq
 .text.HAL_RCC_GetClockConfig
                0x00000000080044e0       0x64 Drivers/STM32F4xx_HAL_Driver/Src/stm32f4xx_hal_rcc.o
                0x00000000080044e0                HAL_RCC_GetClockConfig
 .text.HAL_RCCEx_PeriphCLKConfig
                0x0000000008004544      0x37c Drivers/STM32F4xx_HAL_Driver/Src/stm32f4xx_hal_rcc_ex.o
                0x0000000008004544                HAL_RCCEx_PeriphCLKConfig
 .text.HAL_SDRAM_Init
                0x00000000080048c0       0x68 Drivers/STM32F4xx_HAL_Driver/Src/stm32f4xx_hal_sdram.o
                0x00000000080048c0                HAL_SDRAM_Init
 .text.HAL_SPI_Init
                0x0000000008004928       0xc8 Drivers/STM32F4xx_HAL_Driver/Src/stm32f4xx_hal_spi.o
                0x0000000008004928                HAL_SPI_Init
 .text.HAL_TIM_Base_Init
                0x00000000080049f0       0x56 Drivers/STM32F4xx_HAL_Driver/Src/stm32f4xx_hal_tim.o
                0x00000000080049f0                HAL_TIM_Base_Init
 .text.HAL_TIM_Base_Start_IT
                0x0000000008004a46       0x48 Drivers/STM32F4xx_HAL_Driver/Src/stm32f4xx_hal_tim.o
                0x0000000008004a46                HAL_TIM_Base_Start_IT
 .text.HAL_TIM_IRQHandler
                0x0000000008004a8e      0x210 Drivers/STM32F4xx_HAL_Driver/Src/stm32f4xx_hal_tim.o
                0x0000000008004a8e                HAL_TIM_IRQHandler
 .text.HAL_TIM_ConfigClockSource
                0x0000000008004c9e      0x16e Drivers/STM32F4xx_HAL_Driver/Src/stm32f4xx_hal_tim.o
                0x0000000008004c9e                HAL_TIM_ConfigClockSource
 .text.HAL_TIM_OC_DelayElapsedCallback
                0x0000000008004e0c       0x14 Drivers/STM32F4xx_HAL_Driver/Src/stm32f4xx_hal_tim.o
                0x0000000008004e0c                HAL_TIM_OC_DelayElapsedCallback
 .text.HAL_TIM_IC_CaptureCallback
                0x0000000008004e20       0x14 Drivers/STM32F4xx_HAL_Driver/Src/stm32f4xx_hal_tim.o
                0x0000000008004e20                HAL_TIM_IC_CaptureCallback
 .text.HAL_TIM_PWM_PulseFinishedCallback
                0x0000000008004e34       0x14 Drivers/STM32F4xx_HAL_Driver/Src/stm32f4xx_hal_tim.o
                0x0000000008004e34                HAL_TIM_PWM_PulseFinishedCallback
 .text.HAL_TIM_TriggerCallback
                0x0000000008004e48       0x14 Drivers/STM32F4xx_HAL_Driver/Src/stm32f4xx_hal_tim.o
                0x0000000008004e48                HAL_TIM_TriggerCallback
 .text.TIM_Base_SetConfig
                0x0000000008004e5c      0x140 Drivers/STM32F4xx_HAL_Driver/Src/stm32f4xx_hal_tim.o
                0x0000000008004e5c                TIM_Base_SetConfig
 .text.TIM_TI1_ConfigInputStage
                0x0000000008004f9c       0x5e Drivers/STM32F4xx_HAL_Driver/Src/stm32f4xx_hal_tim.o
 .text.TIM_TI2_ConfigInputStage
                0x0000000008004ffa       0x60 Drivers/STM32F4xx_HAL_Driver/Src/stm32f4xx_hal_tim.o
 .text.TIM_ITRx_SetConfig
                0x000000000800505a       0x36 Drivers/STM32F4xx_HAL_Driver/Src/stm32f4xx_hal_tim.o
 .text.TIM_ETR_SetConfig
                0x0000000008005090       0x40 Drivers/STM32F4xx_HAL_Driver/Src/stm32f4xx_hal_tim.o
                0x0000000008005090                TIM_ETR_SetConfig
 .text.HAL_TIMEx_MasterConfigSynchronization
                0x00000000080050d0       0xf8 Drivers/STM32F4xx_HAL_Driver/Src/stm32f4xx_hal_tim_ex.o
                0x00000000080050d0                HAL_TIMEx_MasterConfigSynchronization
 .text.HAL_TIMEx_CommutCallback
                0x00000000080051c8       0x14 Drivers/STM32F4xx_HAL_Driver/Src/stm32f4xx_hal_tim_ex.o
                0x00000000080051c8                HAL_TIMEx_CommutCallback
 .text.HAL_TIMEx_BreakCallback
                0x00000000080051dc       0x14 Drivers/STM32F4xx_HAL_Driver/Src/stm32f4xx_hal_tim_ex.o
                0x00000000080051dc                HAL_TIMEx_BreakCallback
 .text.HAL_UART_Init
                0x00000000080051f0       0x9a Drivers/STM32F4xx_HAL_Driver/Src/stm32f4xx_hal_uart.o
                0x00000000080051f0                HAL_UART_Init
 *fill*         0x000000000800528a        0x2 
 .text.UART_SetConfig
                0x000000000800528c      0x6f8 Drivers/STM32F4xx_HAL_Driver/Src/stm32f4xx_hal_uart.o
 .text.FMC_SDRAM_Init
                0x0000000008005984       0xe6 Drivers/STM32F4xx_HAL_Driver/Src/stm32f4xx_ll_fmc.o
                0x0000000008005984                FMC_SDRAM_Init
 .text.FMC_SDRAM_Timing_Init
                0x0000000008005a6a       0xfe Drivers/STM32F4xx_HAL_Driver/Src/stm32f4xx_ll_fmc.o
                0x0000000008005a6a                FMC_SDRAM_Timing_Init
 .text.USB_CoreInit
                0x0000000008005b68       0xc2 Drivers/STM32F4xx_HAL_Driver/Src/stm32f4xx_ll_usb.o
                0x0000000008005b68                USB_CoreInit
 .text.USB_EnableGlobalInt
                0x0000000008005c2a       0x22 Drivers/STM32F4xx_HAL_Driver/Src/stm32f4xx_ll_usb.o
                0x0000000008005c2a                USB_EnableGlobalInt
 .text.USB_DisableGlobalInt
                0x0000000008005c4c       0x22 Drivers/STM32F4xx_HAL_Driver/Src/stm32f4xx_ll_usb.o
                0x0000000008005c4c                USB_DisableGlobalInt
 .text.USB_SetCurrentMode
                0x0000000008005c6e       0x54 Drivers/STM32F4xx_HAL_Driver/Src/stm32f4xx_ll_usb.o
                0x0000000008005c6e                USB_SetCurrentMode
 *fill*         0x0000000008005cc2        0x2 
 .text.USB_FlushTxFifo
                0x0000000008005cc4       0x4c Drivers/STM32F4xx_HAL_Driver/Src/stm32f4xx_ll_usb.o
                0x0000000008005cc4                USB_FlushTxFifo
 .text.USB_FlushRxFifo
                0x0000000008005d10       0x44 Drivers/STM32F4xx_HAL_Driver/Src/stm32f4xx_ll_usb.o
                0x0000000008005d10                USB_FlushRxFifo
 .text.USB_WritePacket
                0x0000000008005d54       0x6a Drivers/STM32F4xx_HAL_Driver/Src/stm32f4xx_ll_usb.o
                0x0000000008005d54                USB_WritePacket
 .text.USB_ReadPacket
                0x0000000008005dbe       0x52 Drivers/STM32F4xx_HAL_Driver/Src/stm32f4xx_ll_usb.o
                0x0000000008005dbe                USB_ReadPacket
 .text.USB_ReadInterrupts
                0x0000000008005e10       0x26 Drivers/STM32F4xx_HAL_Driver/Src/stm32f4xx_ll_usb.o
                0x0000000008005e10                USB_ReadInterrupts
 .text.USB_GetMode
                0x0000000008005e36       0x1c Drivers/STM32F4xx_HAL_Driver/Src/stm32f4xx_ll_usb.o
                0x0000000008005e36                USB_GetMode
 *fill*         0x0000000008005e52        0x2 
 .text.USB_CoreReset
                0x0000000008005e54       0x68 Drivers/STM32F4xx_HAL_Driver/Src/stm32f4xx_ll_usb.o
 .text.USB_HostInit
                0x0000000008005ebc      0x178 Drivers/STM32F4xx_HAL_Driver/Src/stm32f4xx_ll_usb.o
                0x0000000008005ebc                USB_HostInit
 .text.USB_InitFSLSPClkSel
                0x0000000008006034       0x74 Drivers/STM32F4xx_HAL_Driver/Src/stm32f4xx_ll_usb.o
                0x0000000008006034                USB_InitFSLSPClkSel
 .text.USB_ResetPort
                0x00000000080060a8       0x54 Drivers/STM32F4xx_HAL_Driver/Src/stm32f4xx_ll_usb.o
                0x00000000080060a8                USB_ResetPort
 .text.USB_DriveVbus
                0x00000000080060fc       0x72 Drivers/STM32F4xx_HAL_Driver/Src/stm32f4xx_ll_usb.o
                0x00000000080060fc                USB_DriveVbus
 .text.USB_GetHostSpeed
                0x000000000800616e       0x2e Drivers/STM32F4xx_HAL_Driver/Src/stm32f4xx_ll_usb.o
                0x000000000800616e                USB_GetHostSpeed
 .text.USB_GetCurrentFrame
                0x000000000800619c       0x22 Drivers/STM32F4xx_HAL_Driver/Src/stm32f4xx_ll_usb.o
                0x000000000800619c                USB_GetCurrentFrame
 *fill*         0x00000000080061be        0x2 
 .text.USB_HC_Init
                0x00000000080061c0      0x214 Drivers/STM32F4xx_HAL_Driver/Src/stm32f4xx_ll_usb.o
                0x00000000080061c0                USB_HC_Init
 .text.USB_HC_StartXfer
                0x00000000080063d4      0x288 Drivers/STM32F4xx_HAL_Driver/Src/stm32f4xx_ll_usb.o
                0x00000000080063d4                USB_HC_StartXfer
 .text.USB_HC_ReadInterrupt
                0x000000000800665c       0x22 Drivers/STM32F4xx_HAL_Driver/Src/stm32f4xx_ll_usb.o
                0x000000000800665c                USB_HC_ReadInterrupt
 .text.USB_HC_Halt
                0x000000000800667e      0x1fe Drivers/STM32F4xx_HAL_Driver/Src/stm32f4xx_ll_usb.o
                0x000000000800667e                USB_HC_Halt
 .text.USB_DoPing
                0x000000000800687c       0x78 Drivers/STM32F4xx_HAL_Driver/Src/stm32f4xx_ll_usb.o
                0x000000000800687c                USB_DoPing
 .text.USB_StopHost
                0x00000000080068f4      0x10c Drivers/STM32F4xx_HAL_Driver/Src/stm32f4xx_ll_usb.o
                0x00000000080068f4                USB_StopHost
 .text.USBH_CDC_InterfaceInit
                0x0000000008006a00      0x2ac Middlewares/ST/STM32_USB_Host_Library/Class/CDC/Src/usbh_cdc.o
 .text.USBH_CDC_InterfaceDeInit
                0x0000000008006cac       0xb2 Middlewares/ST/STM32_USB_Host_Library/Class/CDC/Src/usbh_cdc.o
 .text.USBH_CDC_ClassRequest
                0x0000000008006d5e       0x3e Middlewares/ST/STM32_USB_Host_Library/Class/CDC/Src/usbh_cdc.o
 .text.USBH_CDC_Process
                0x0000000008006d9c      0x12c Middlewares/ST/STM32_USB_Host_Library/Class/CDC/Src/usbh_cdc.o
 .text.USBH_CDC_SOFProcess
                0x0000000008006ec8       0x16 Middlewares/ST/STM32_USB_Host_Library/Class/CDC/Src/usbh_cdc.o
 .text.GetLineCoding
                0x0000000008006ede       0x3e Middlewares/ST/STM32_USB_Host_Library/Class/CDC/Src/usbh_cdc.o
 .text.SetLineCoding
                0x0000000008006f1c       0x3e Middlewares/ST/STM32_USB_Host_Library/Class/CDC/Src/usbh_cdc.o
 .text.CDC_ProcessTransmission
                0x0000000008006f5a      0x128 Middlewares/ST/STM32_USB_Host_Library/Class/CDC/Src/usbh_cdc.o
 .text.CDC_ProcessReception
                0x0000000008007082       0xd2 Middlewares/ST/STM32_USB_Host_Library/Class/CDC/Src/usbh_cdc.o
 .text.USBH_CDC_TransmitCallback
                0x0000000008007154       0x14 Middlewares/ST/STM32_USB_Host_Library/Class/CDC/Src/usbh_cdc.o
                0x0000000008007154                USBH_CDC_TransmitCallback
 .text.USBH_CDC_ReceiveCallback
                0x0000000008007168       0x14 Middlewares/ST/STM32_USB_Host_Library/Class/CDC/Src/usbh_cdc.o
                0x0000000008007168                USBH_CDC_ReceiveCallback
 .text.USBH_CDC_LineCodingChanged
                0x000000000800717c       0x14 Middlewares/ST/STM32_USB_Host_Library/Class/CDC/Src/usbh_cdc.o
                0x000000000800717c                USBH_CDC_LineCodingChanged
 .text.USBH_Init
                0x0000000008007190       0xc4 Middlewares/ST/STM32_USB_Host_Library/Core/Src/usbh_core.o
                0x0000000008007190                USBH_Init
 .text.DeInitStateMachine
                0x0000000008007254       0xa8 Middlewares/ST/STM32_USB_Host_Library/Core/Src/usbh_core.o
 .text.USBH_RegisterClass
                0x00000000080072fc       0x54 Middlewares/ST/STM32_USB_Host_Library/Core/Src/usbh_core.o
                0x00000000080072fc                USBH_RegisterClass
 .text.USBH_SelectInterface
                0x0000000008007350       0x38 Middlewares/ST/STM32_USB_Host_Library/Core/Src/usbh_core.o
                0x0000000008007350                USBH_SelectInterface
 .text.USBH_FindInterface
                0x0000000008007388       0x8c Middlewares/ST/STM32_USB_Host_Library/Core/Src/usbh_core.o
                0x0000000008007388                USBH_FindInterface
 .text.USBH_Start
                0x0000000008007414       0x20 Middlewares/ST/STM32_USB_Host_Library/Core/Src/usbh_core.o
                0x0000000008007414                USBH_Start
 .text.USBH_Process
                0x0000000008007434      0x4c4 Middlewares/ST/STM32_USB_Host_Library/Core/Src/usbh_core.o
                0x0000000008007434                USBH_Process
 .text.USBH_HandleEnum
                0x00000000080078f8      0x458 Middlewares/ST/STM32_USB_Host_Library/Core/Src/usbh_core.o
 .text.USBH_LL_SetTimer
                0x0000000008007d50       0x1e Middlewares/ST/STM32_USB_Host_Library/Core/Src/usbh_core.o
                0x0000000008007d50                USBH_LL_SetTimer
 .text.USBH_LL_IncTimer
                0x0000000008007d6e       0x24 Middlewares/ST/STM32_USB_Host_Library/Core/Src/usbh_core.o
                0x0000000008007d6e                USBH_LL_IncTimer
 .text.USBH_HandleSof
                0x0000000008007d92       0x30 Middlewares/ST/STM32_USB_Host_Library/Core/Src/usbh_core.o
 .text.USBH_LL_PortEnabled
                0x0000000008007dc2       0x34 Middlewares/ST/STM32_USB_Host_Library/Core/Src/usbh_core.o
                0x0000000008007dc2                USBH_LL_PortEnabled
 .text.USBH_LL_PortDisabled
                0x0000000008007df6       0x1c Middlewares/ST/STM32_USB_Host_Library/Core/Src/usbh_core.o
                0x0000000008007df6                USBH_LL_PortDisabled
 .text.USBH_LL_Connect
                0x0000000008007e12       0x46 Middlewares/ST/STM32_USB_Host_Library/Core/Src/usbh_core.o
                0x0000000008007e12                USBH_LL_Connect
 .text.USBH_LL_Disconnect
                0x0000000008007e58       0x64 Middlewares/ST/STM32_USB_Host_Library/Core/Src/usbh_core.o
                0x0000000008007e58                USBH_LL_Disconnect
 .text.USBH_Process_OS
                0x0000000008007ebc       0x2a Middlewares/ST/STM32_USB_Host_Library/Core/Src/usbh_core.o
 .text.USBH_LL_NotifyURBChange
                0x0000000008007ee6       0x2e Middlewares/ST/STM32_USB_Host_Library/Core/Src/usbh_core.o
                0x0000000008007ee6                USBH_LL_NotifyURBChange
 .text.USBH_Get_DevDesc
                0x0000000008007f14       0x50 Middlewares/ST/STM32_USB_Host_Library/Core/Src/usbh_ctlreq.o
                0x0000000008007f14                USBH_Get_DevDesc
 .text.USBH_Get_CfgDesc
                0x0000000008007f64       0x48 Middlewares/ST/STM32_USB_Host_Library/Core/Src/usbh_ctlreq.o
                0x0000000008007f64                USBH_Get_CfgDesc
 .text.USBH_Get_StringDesc
                0x0000000008007fac       0x56 Middlewares/ST/STM32_USB_Host_Library/Core/Src/usbh_ctlreq.o
                0x0000000008007fac                USBH_Get_StringDesc
 .text.USBH_GetDescriptor
                0x0000000008008002       0x6a Middlewares/ST/STM32_USB_Host_Library/Core/Src/usbh_ctlreq.o
                0x0000000008008002                USBH_GetDescriptor
 .text.USBH_SetAddress
                0x000000000800806c       0x48 Middlewares/ST/STM32_USB_Host_Library/Core/Src/usbh_ctlreq.o
                0x000000000800806c                USBH_SetAddress
 .text.USBH_SetCfg
                0x00000000080080b4       0x46 Middlewares/ST/STM32_USB_Host_Library/Core/Src/usbh_ctlreq.o
                0x00000000080080b4                USBH_SetCfg
 .text.USBH_SetFeature
                0x00000000080080fa       0x48 Middlewares/ST/STM32_USB_Host_Library/Core/Src/usbh_ctlreq.o
                0x00000000080080fa                USBH_SetFeature
 .text.USBH_ClrFeature
                0x0000000008008142       0x48 Middlewares/ST/STM32_USB_Host_Library/Core/Src/usbh_ctlreq.o
                0x0000000008008142                USBH_ClrFeature
 .text.USBH_ParseDevDesc
                0x000000000800818a       0xe0 Middlewares/ST/STM32_USB_Host_Library/Core/Src/usbh_ctlreq.o
 .text.USBH_ParseCfgDesc
                0x000000000800826a      0x144 Middlewares/ST/STM32_USB_Host_Library/Core/Src/usbh_ctlreq.o
 .text.USBH_ParseInterfaceDesc
                0x00000000080083ae       0x5e Middlewares/ST/STM32_USB_Host_Library/Core/Src/usbh_ctlreq.o
 .text.USBH_ParseEPDesc
                0x000000000800840c       0x5a Middlewares/ST/STM32_USB_Host_Library/Core/Src/usbh_ctlreq.o
 .text.USBH_ParseStringDesc
                0x0000000008008466       0x66 Middlewares/ST/STM32_USB_Host_Library/Core/Src/usbh_ctlreq.o
 .text.USBH_GetNextDesc
                0x00000000080084cc       0x36 Middlewares/ST/STM32_USB_Host_Library/Core/Src/usbh_ctlreq.o
                0x00000000080084cc                USBH_GetNextDesc
 .text.USBH_CtlReq
                0x0000000008008502       0xb2 Middlewares/ST/STM32_USB_Host_Library/Core/Src/usbh_ctlreq.o
                0x0000000008008502                USBH_CtlReq
 .text.USBH_HandleControl
                0x00000000080085b4      0x494 Middlewares/ST/STM32_USB_Host_Library/Core/Src/usbh_ctlreq.o
 .text.USBH_CtlSendSetup
                0x0000000008008a48       0x34 Middlewares/ST/STM32_USB_Host_Library/Core/Src/usbh_ioreq.o
                0x0000000008008a48                USBH_CtlSendSetup
 .text.USBH_CtlSendData
                0x0000000008008a7c       0x4a Middlewares/ST/STM32_USB_Host_Library/Core/Src/usbh_ioreq.o
                0x0000000008008a7c                USBH_CtlSendData
 .text.USBH_CtlReceiveData
                0x0000000008008ac6       0x3c Middlewares/ST/STM32_USB_Host_Library/Core/Src/usbh_ioreq.o
                0x0000000008008ac6                USBH_CtlReceiveData
 .text.USBH_BulkSendData
                0x0000000008008b02       0x4a Middlewares/ST/STM32_USB_Host_Library/Core/Src/usbh_ioreq.o
                0x0000000008008b02                USBH_BulkSendData
 .text.USBH_BulkReceiveData
                0x0000000008008b4c       0x3c Middlewares/ST/STM32_USB_Host_Library/Core/Src/usbh_ioreq.o
                0x0000000008008b4c                USBH_BulkReceiveData
 .text.USBH_OpenPipe
                0x0000000008008b88       0x3e Middlewares/ST/STM32_USB_Host_Library/Core/Src/usbh_pipes.o
                0x0000000008008b88                USBH_OpenPipe
 .text.USBH_ClosePipe
                0x0000000008008bc6       0x20 Middlewares/ST/STM32_USB_Host_Library/Core/Src/usbh_pipes.o
                0x0000000008008bc6                USBH_ClosePipe
 .text.USBH_AllocPipe
                0x0000000008008be6       0x42 Middlewares/ST/STM32_USB_Host_Library/Core/Src/usbh_pipes.o
                0x0000000008008be6                USBH_AllocPipe
 .text.USBH_FreePipe
                0x0000000008008c28       0x3c Middlewares/ST/STM32_USB_Host_Library/Core/Src/usbh_pipes.o
                0x0000000008008c28                USBH_FreePipe
 .text.USBH_GetFreePipe
                0x0000000008008c64       0x48 Middlewares/ST/STM32_USB_Host_Library/Core/Src/usbh_pipes.o
 .text.makeFreeRtosPriority
                0x0000000008008cac       0x30 Middlewares/Third_Party/FreeRTOS/Source/CMSIS_RTOS/cmsis_os.o
 .text.inHandlerMode
                0x0000000008008cdc       0x24 Middlewares/Third_Party/FreeRTOS/Source/CMSIS_RTOS/cmsis_os.o
 .text.osKernelStart
                0x0000000008008d00        0xe Middlewares/Third_Party/FreeRTOS/Source/CMSIS_RTOS/cmsis_os.o
                0x0000000008008d00                osKernelStart
 .text.osThreadCreate
                0x0000000008008d0e       0x98 Middlewares/Third_Party/FreeRTOS/Source/CMSIS_RTOS/cmsis_os.o
                0x0000000008008d0e                osThreadCreate
 .text.osDelay  0x0000000008008da6       0x28 Middlewares/Third_Party/FreeRTOS/Source/CMSIS_RTOS/cmsis_os.o
                0x0000000008008da6                osDelay
 .text.osMessageCreate
                0x0000000008008dce       0x52 Middlewares/Third_Party/FreeRTOS/Source/CMSIS_RTOS/cmsis_os.o
                0x0000000008008dce                osMessageCreate
 .text.osMessagePut
                0x0000000008008e20       0x80 Middlewares/Third_Party/FreeRTOS/Source/CMSIS_RTOS/cmsis_os.o
                0x0000000008008e20                osMessagePut
 .text.osMessageGet
                0x0000000008008ea0       0xe8 Middlewares/Third_Party/FreeRTOS/Source/CMSIS_RTOS/cmsis_os.o
                0x0000000008008ea0                osMessageGet
 .text.vListInitialise
                0x0000000008008f88       0x40 Middlewares/Third_Party/FreeRTOS/Source/list.o
                0x0000000008008f88                vListInitialise
 .text.vListInitialiseItem
                0x0000000008008fc8       0x1a Middlewares/Third_Party/FreeRTOS/Source/list.o
                0x0000000008008fc8                vListInitialiseItem
 .text.vListInsertEnd
                0x0000000008008fe2       0x48 Middlewares/Third_Party/FreeRTOS/Source/list.o
                0x0000000008008fe2                vListInsertEnd
 .text.vListInsert
                0x000000000800902a       0x72 Middlewares/Third_Party/FreeRTOS/Source/list.o
                0x000000000800902a                vListInsert
 .text.uxListRemove
                0x000000000800909c       0x54 Middlewares/Third_Party/FreeRTOS/Source/list.o
                0x000000000800909c                uxListRemove
 .text.xQueueGenericReset
                0x00000000080090f0       0xd0 Middlewares/Third_Party/FreeRTOS/Source/queue.o
                0x00000000080090f0                xQueueGenericReset
 .text.xQueueGenericCreateStatic
                0x00000000080091c0       0xe6 Middlewares/Third_Party/FreeRTOS/Source/queue.o
                0x00000000080091c0                xQueueGenericCreateStatic
 .text.xQueueGenericCreate
                0x00000000080092a6       0x7e Middlewares/Third_Party/FreeRTOS/Source/queue.o
                0x00000000080092a6                xQueueGenericCreate
 .text.prvInitialiseNewQueue
                0x0000000008009324       0x3e Middlewares/Third_Party/FreeRTOS/Source/queue.o
 *fill*         0x0000000008009362        0x2 
 .text.xQueueGenericSend
                0x0000000008009364      0x1f4 Middlewares/Third_Party/FreeRTOS/Source/queue.o
                0x0000000008009364                xQueueGenericSend
 .text.xQueueGenericSendFromISR
                0x0000000008009558      0x128 Middlewares/Third_Party/FreeRTOS/Source/queue.o
                0x0000000008009558                xQueueGenericSendFromISR
 .text.xQueueReceive
                0x0000000008009680      0x1b8 Middlewares/Third_Party/FreeRTOS/Source/queue.o
                0x0000000008009680                xQueueReceive
 .text.xQueueReceiveFromISR
                0x0000000008009838       0xfa Middlewares/Third_Party/FreeRTOS/Source/queue.o
                0x0000000008009838                xQueueReceiveFromISR
 .text.prvCopyDataToQueue
                0x0000000008009932       0xd4 Middlewares/Third_Party/FreeRTOS/Source/queue.o
 .text.prvCopyDataFromQueue
                0x0000000008009a06       0x4c Middlewares/Third_Party/FreeRTOS/Source/queue.o
 .text.prvUnlockQueue
                0x0000000008009a52       0xa4 Middlewares/Third_Party/FreeRTOS/Source/queue.o
 .text.prvIsQueueEmpty
                0x0000000008009af6       0x2c Middlewares/Third_Party/FreeRTOS/Source/queue.o
 .text.prvIsQueueFull
                0x0000000008009b22       0x30 Middlewares/Third_Party/FreeRTOS/Source/queue.o
 .text.xTaskCreateStatic
                0x0000000008009b52       0xb4 Middlewares/Third_Party/FreeRTOS/Source/tasks.o
                0x0000000008009b52                xTaskCreateStatic
 .text.xTaskCreate
                0x0000000008009c06       0x8a Middlewares/Third_Party/FreeRTOS/Source/tasks.o
                0x0000000008009c06                xTaskCreate
 .text.prvInitialiseNewTask
                0x0000000008009c90      0x122 Middlewares/Third_Party/FreeRTOS/Source/tasks.o
 *fill*         0x0000000008009db2        0x2 
 .text.prvAddNewTaskToReadyList
                0x0000000008009db4       0xd4 Middlewares/Third_Party/FreeRTOS/Source/tasks.o
 .text.vTaskDelay
                0x0000000008009e88       0x68 Middlewares/Third_Party/FreeRTOS/Source/tasks.o
                0x0000000008009e88                vTaskDelay
 .text.vTaskSuspend
                0x0000000008009ef0      0x124 Middlewares/Third_Party/FreeRTOS/Source/tasks.o
                0x0000000008009ef0                vTaskSuspend
 .text.prvTaskIsTaskSuspended
                0x000000000800a014       0x60 Middlewares/Third_Party/FreeRTOS/Source/tasks.o
 .text.xTaskResumeFromISR
                0x000000000800a074       0xe0 Middlewares/Third_Party/FreeRTOS/Source/tasks.o
                0x000000000800a074                xTaskResumeFromISR
 .text.vTaskStartScheduler
                0x000000000800a154       0xbc Middlewares/Third_Party/FreeRTOS/Source/tasks.o
                0x000000000800a154                vTaskStartScheduler
 .text.vTaskSuspendAll
                0x000000000800a210       0x1c Middlewares/Third_Party/FreeRTOS/Source/tasks.o
                0x000000000800a210                vTaskSuspendAll
 .text.xTaskResumeAll
                0x000000000800a22c      0x138 Middlewares/Third_Party/FreeRTOS/Source/tasks.o
                0x000000000800a22c                xTaskResumeAll
 .text.xTaskIncrementTick
                0x000000000800a364      0x170 Middlewares/Third_Party/FreeRTOS/Source/tasks.o
                0x000000000800a364                xTaskIncrementTick
 .text.vTaskSwitchContext
                0x000000000800a4d4      0x100 Middlewares/Third_Party/FreeRTOS/Source/tasks.o
                0x000000000800a4d4                vTaskSwitchContext
 .text.vTaskPlaceOnEventList
                0x000000000800a5d4       0x48 Middlewares/Third_Party/FreeRTOS/Source/tasks.o
                0x000000000800a5d4                vTaskPlaceOnEventList
 .text.xTaskRemoveFromEventList
                0x000000000800a61c       0xc4 Middlewares/Third_Party/FreeRTOS/Source/tasks.o
                0x000000000800a61c                xTaskRemoveFromEventList
 .text.vTaskInternalSetTimeOutState
                0x000000000800a6e0       0x2c Middlewares/Third_Party/FreeRTOS/Source/tasks.o
                0x000000000800a6e0                vTaskInternalSetTimeOutState
 .text.xTaskCheckForTimeOut
                0x000000000800a70c       0xc0 Middlewares/Third_Party/FreeRTOS/Source/tasks.o
                0x000000000800a70c                xTaskCheckForTimeOut
 .text.vTaskMissedYield
                0x000000000800a7cc       0x18 Middlewares/Third_Party/FreeRTOS/Source/tasks.o
                0x000000000800a7cc                vTaskMissedYield
 .text.prvIdleTask
                0x000000000800a7e4       0x34 Middlewares/Third_Party/FreeRTOS/Source/tasks.o
 .text.prvInitialiseTaskLists
                0x000000000800a818       0x80 Middlewares/Third_Party/FreeRTOS/Source/tasks.o
 .text.prvCheckTasksWaitingTermination
                0x000000000800a898       0x58 Middlewares/Third_Party/FreeRTOS/Source/tasks.o
 .text.prvDeleteTCB
                0x000000000800a8f0       0x5c Middlewares/Third_Party/FreeRTOS/Source/tasks.o
 .text.prvResetNextTaskUnblockTime
                0x000000000800a94c       0x40 Middlewares/Third_Party/FreeRTOS/Source/tasks.o
 .text.xTaskGetSchedulerState
                0x000000000800a98c       0x3c Middlewares/Third_Party/FreeRTOS/Source/tasks.o
                0x000000000800a98c                xTaskGetSchedulerState
 .text.xTaskPriorityDisinherit
                0x000000000800a9c8      0x108 Middlewares/Third_Party/FreeRTOS/Source/tasks.o
                0x000000000800a9c8                xTaskPriorityDisinherit
 .text.prvAddCurrentTaskToDelayedList
                0x000000000800aad0       0xcc Middlewares/Third_Party/FreeRTOS/Source/tasks.o
 .text.pxPortInitialiseStack
                0x000000000800ab9c       0x68 Middlewares/Third_Party/FreeRTOS/Source/portable/GCC/ARM_CM4F/port.o
                0x000000000800ab9c                pxPortInitialiseStack
 .text.prvTaskExitError
                0x000000000800ac04       0x54 Middlewares/Third_Party/FreeRTOS/Source/portable/GCC/ARM_CM4F/port.o
 *fill*         0x000000000800ac58        0x8 
 .text.SVC_Handler
                0x000000000800ac60       0x28 Middlewares/Third_Party/FreeRTOS/Source/portable/GCC/ARM_CM4F/port.o
                0x000000000800ac60                SVC_Handler
 .text.prvPortStartFirstTask
                0x000000000800ac88       0x28 Middlewares/Third_Party/FreeRTOS/Source/portable/GCC/ARM_CM4F/port.o
 .text.xPortStartScheduler
                0x000000000800acb0      0x13c Middlewares/Third_Party/FreeRTOS/Source/portable/GCC/ARM_CM4F/port.o
                0x000000000800acb0                xPortStartScheduler
 .text.vPortEnterCritical
                0x000000000800adec       0x5c Middlewares/Third_Party/FreeRTOS/Source/portable/GCC/ARM_CM4F/port.o
                0x000000000800adec                vPortEnterCritical
 .text.vPortExitCritical
                0x000000000800ae48       0x50 Middlewares/Third_Party/FreeRTOS/Source/portable/GCC/ARM_CM4F/port.o
                0x000000000800ae48                vPortExitCritical
 *fill*         0x000000000800ae98        0x8 
 .text.PendSV_Handler
                0x000000000800aea0       0x68 Middlewares/Third_Party/FreeRTOS/Source/portable/GCC/ARM_CM4F/port.o
                0x000000000800aea0                PendSV_Handler
 .text.SysTick_Handler
                0x000000000800af08       0x40 Middlewares/Third_Party/FreeRTOS/Source/portable/GCC/ARM_CM4F/port.o
                0x000000000800af08                SysTick_Handler
 .text.vPortSetupTimerInterrupt
                0x000000000800af48       0x48 Middlewares/Third_Party/FreeRTOS/Source/portable/GCC/ARM_CM4F/port.o
                0x000000000800af48                vPortSetupTimerInterrupt
 .text.vPortEnableVFP
                0x000000000800af90       0x14 Middlewares/Third_Party/FreeRTOS/Source/portable/GCC/ARM_CM4F/port.o
 .text.vPortValidateInterruptPriority
                0x000000000800afa4       0x7c Middlewares/Third_Party/FreeRTOS/Source/portable/GCC/ARM_CM4F/port.o
                0x000000000800afa4                vPortValidateInterruptPriority
 .text.pvPortMalloc
                0x000000000800b020      0x18c Middlewares/Third_Party/FreeRTOS/Source/portable/MemMang/heap_4.o
                0x000000000800b020                pvPortMalloc
 .text.vPortFree
                0x000000000800b1ac       0xb0 Middlewares/Third_Party/FreeRTOS/Source/portable/MemMang/heap_4.o
                0x000000000800b1ac                vPortFree
 .text.prvHeapInit
                0x000000000800b25c       0xc4 Middlewares/Third_Party/FreeRTOS/Source/portable/MemMang/heap_4.o
 .text.prvInsertBlockIntoFreeList
                0x000000000800b320       0xb4 Middlewares/Third_Party/FreeRTOS/Source/portable/MemMang/heap_4.o
 .text.vApplicationIdleHook
                0x000000000800b3d4        0xe Src/freertos.o
                0x000000000800b3d4                vApplicationIdleHook
 .text.vApplicationStackOverflowHook
                0x000000000800b3e2       0x16 Src/freertos.o
                0x000000000800b3e2                vApplicationStackOverflowHook
 .text.vApplicationMallocFailedHook
                0x000000000800b3f8        0xe Src/freertos.o
                0x000000000800b3f8                vApplicationMallocFailedHook
 *fill*         0x000000000800b406        0x2 
 .text.vApplicationGetIdleTaskMemory
                0x000000000800b408       0x34 Src/freertos.o
                0x000000000800b408                vApplicationGetIdleTaskMemory
 .text.LCD_i2cDeviceCheck
                0x000000000800b43c       0x2c Src/lcd_i2cModule.o
                0x000000000800b43c                LCD_i2cDeviceCheck
 .text.LCD_Set_Command
                0x000000000800b468       0xb4 Src/lcd_i2cModule.o
                0x000000000800b468                LCD_Set_Command
 .text.LCD_Write_Data
                0x000000000800b51c       0xc0 Src/lcd_i2cModule.o
                0x000000000800b51c                LCD_Write_Data
 .text.LCD_SetCursor
                0x000000000800b5dc       0x58 Src/lcd_i2cModule.o
                0x000000000800b5dc                LCD_SetCursor
 .text.LCD_Send_String
                0x000000000800b634      0x168 Src/lcd_i2cModule.o
                0x000000000800b634                LCD_Send_String
 .text.LCD_BackLight
                0x000000000800b79c       0x3c Src/lcd_i2cModule.o
                0x000000000800b79c                LCD_BackLight
 .text.LCD_Init
                0x000000000800b7d8       0x48 Src/lcd_i2cModule.o
                0x000000000800b7d8                LCD_Init
 .text.main     0x000000000800b820      0x22c Src/main.o
                0x000000000800b820                main
 .text.SystemClock_Config
                0x000000000800ba4c      0x108 Src/main.o
                0x000000000800ba4c                SystemClock_Config
 .text.MX_CRC_Init
                0x000000000800bb54       0x28 Src/main.o
 .text.MX_DMA2D_Init
                0x000000000800bb7c       0x64 Src/main.o
 .text.MX_I2C3_Init
                0x000000000800bbe0       0x80 Src/main.o
 .text.MX_LTDC_Init
                0x000000000800bc60      0x100 Src/main.o
 .text.MX_SPI5_Init
                0x000000000800bd60       0x6c Src/main.o
 .text.MX_TIM1_Init
                0x000000000800bdcc       0xa0 Src/main.o
 .text.MX_TIM10_Init
                0x000000000800be6c       0x48 Src/main.o
 .text.MX_USART1_UART_Init
                0x000000000800beb4       0x54 Src/main.o
 .text.MX_FMC_Init
                0x000000000800bf08       0xa0 Src/main.o
 .text.MX_GPIO_Init
                0x000000000800bfa8      0x278 Src/main.o
 .text.Task1    0x000000000800c220      0x124 Src/main.o
                0x000000000800c220                Task1
 .text.Task2    0x000000000800c344      0x104 Src/main.o
                0x000000000800c344                Task2
 .text.StartDefaultTask
                0x000000000800c448       0x14 Src/main.o
                0x000000000800c448                StartDefaultTask
 .text.HAL_TIM_PeriodElapsedCallback
                0x000000000800c45c       0x48 Src/main.o
                0x000000000800c45c                HAL_TIM_PeriodElapsedCallback
 .text.Error_Handler
                0x000000000800c4a4        0xe Src/main.o
                0x000000000800c4a4                Error_Handler
 *fill*         0x000000000800c4b2        0x2 
 .text.HAL_MspInit
                0x000000000800c4b4       0x58 Src/stm32f4xx_hal_msp.o
                0x000000000800c4b4                HAL_MspInit
 .text.HAL_CRC_MspInit
                0x000000000800c50c       0x44 Src/stm32f4xx_hal_msp.o
                0x000000000800c50c                HAL_CRC_MspInit
 .text.HAL_DMA2D_MspInit
                0x000000000800c550       0x50 Src/stm32f4xx_hal_msp.o
                0x000000000800c550                HAL_DMA2D_MspInit
 .text.HAL_I2C_MspInit
                0x000000000800c5a0       0xd4 Src/stm32f4xx_hal_msp.o
                0x000000000800c5a0                HAL_I2C_MspInit
 .text.HAL_LTDC_MspInit
                0x000000000800c674      0x22c Src/stm32f4xx_hal_msp.o
                0x000000000800c674                HAL_LTDC_MspInit
 .text.HAL_SPI_MspInit
                0x000000000800c8a0       0x90 Src/stm32f4xx_hal_msp.o
                0x000000000800c8a0                HAL_SPI_MspInit
 .text.HAL_TIM_Base_MspInit
                0x000000000800c930       0x8c Src/stm32f4xx_hal_msp.o
                0x000000000800c930                HAL_TIM_Base_MspInit
 .text.HAL_UART_MspInit
                0x000000000800c9bc       0x90 Src/stm32f4xx_hal_msp.o
                0x000000000800c9bc                HAL_UART_MspInit
 .text.HAL_FMC_MspInit
                0x000000000800ca4c      0x124 Src/stm32f4xx_hal_msp.o
 .text.HAL_SDRAM_MspInit
                0x000000000800cb70       0x14 Src/stm32f4xx_hal_msp.o
                0x000000000800cb70                HAL_SDRAM_MspInit
 .text.HAL_InitTick
                0x000000000800cb84       0xb4 Src/stm32f4xx_hal_timebase_tim.o
                0x000000000800cb84                HAL_InitTick
 .text.NMI_Handler
                0x000000000800cc38        0xe Src/stm32f4xx_it.o
                0x000000000800cc38                NMI_Handler
 .text.HardFault_Handler
                0x000000000800cc46        0x6 Src/stm32f4xx_it.o
                0x000000000800cc46                HardFault_Handler
 .text.MemManage_Handler
                0x000000000800cc4c        0x6 Src/stm32f4xx_it.o
                0x000000000800cc4c                MemManage_Handler
 .text.BusFault_Handler
                0x000000000800cc52        0x6 Src/stm32f4xx_it.o
                0x000000000800cc52                BusFault_Handler
 .text.UsageFault_Handler
                0x000000000800cc58        0x6 Src/stm32f4xx_it.o
                0x000000000800cc58                UsageFault_Handler
 .text.DebugMon_Handler
                0x000000000800cc5e        0xe Src/stm32f4xx_it.o
                0x000000000800cc5e                DebugMon_Handler
 .text.EXTI3_IRQHandler
                0x000000000800cc6c       0x40 Src/stm32f4xx_it.o
                0x000000000800cc6c                EXTI3_IRQHandler
 .text.EXTI9_5_IRQHandler
                0x000000000800ccac       0x40 Src/stm32f4xx_it.o
                0x000000000800ccac                EXTI9_5_IRQHandler
 .text.TIM1_UP_TIM10_IRQHandler
                0x000000000800ccec       0x1c Src/stm32f4xx_it.o
                0x000000000800ccec                TIM1_UP_TIM10_IRQHandler
 .text.TIM6_DAC_IRQHandler
                0x000000000800cd08       0x14 Src/stm32f4xx_it.o
                0x000000000800cd08                TIM6_DAC_IRQHandler
 .text.OTG_HS_IRQHandler
                0x000000000800cd1c       0x14 Src/stm32f4xx_it.o
                0x000000000800cd1c                OTG_HS_IRQHandler
 .text.LTDC_IRQHandler
                0x000000000800cd30       0x14 Src/stm32f4xx_it.o
                0x000000000800cd30                LTDC_IRQHandler
 .text.DMA2D_IRQHandler
                0x000000000800cd44       0x14 Src/stm32f4xx_it.o
                0x000000000800cd44                DMA2D_IRQHandler
 .text._sbrk    0x000000000800cd58       0x58 Src/sysmem.o
                0x000000000800cd58                _sbrk
 .text.SystemInit
                0x000000000800cdb0       0x2c Src/system_stm32f4xx.o
                0x000000000800cdb0                SystemInit
 .text.MX_USB_HOST_Init
                0x000000000800cddc       0x4c Src/usb_host.o
                0x000000000800cddc                MX_USB_HOST_Init
 .text.USBH_UserProcess
                0x000000000800ce28       0x5c Src/usb_host.o
 .text.HAL_HCD_MspInit
                0x000000000800ce84       0xbc Src/usbh_conf.o
                0x000000000800ce84                HAL_HCD_MspInit
 .text.HAL_HCD_SOF_Callback
                0x000000000800cf40       0x1c Src/usbh_conf.o
                0x000000000800cf40                HAL_HCD_SOF_Callback
 .text.HAL_HCD_Connect_Callback
                0x000000000800cf5c       0x1c Src/usbh_conf.o
                0x000000000800cf5c                HAL_HCD_Connect_Callback
 .text.HAL_HCD_Disconnect_Callback
                0x000000000800cf78       0x1c Src/usbh_conf.o
                0x000000000800cf78                HAL_HCD_Disconnect_Callback
 .text.HAL_HCD_HC_NotifyURBChange_Callback
                0x000000000800cf94       0x24 Src/usbh_conf.o
                0x000000000800cf94                HAL_HCD_HC_NotifyURBChange_Callback
 .text.HAL_HCD_PortEnabled_Callback
                0x000000000800cfb8       0x1c Src/usbh_conf.o
                0x000000000800cfb8                HAL_HCD_PortEnabled_Callback
 .text.HAL_HCD_PortDisabled_Callback
                0x000000000800cfd4       0x1c Src/usbh_conf.o
                0x000000000800cfd4                HAL_HCD_PortDisabled_Callback
 .text.USBH_LL_Init
                0x000000000800cff0       0x8c Src/usbh_conf.o
                0x000000000800cff0                USBH_LL_Init
 .text.USBH_LL_Start
                0x000000000800d07c       0x36 Src/usbh_conf.o
                0x000000000800d07c                USBH_LL_Start
 .text.USBH_LL_Stop
                0x000000000800d0b2       0x36 Src/usbh_conf.o
                0x000000000800d0b2                USBH_LL_Stop
 .text.USBH_LL_GetSpeed
                0x000000000800d0e8       0x4a Src/usbh_conf.o
                0x000000000800d0e8                USBH_LL_GetSpeed
 .text.USBH_LL_ResetPort
                0x000000000800d132       0x36 Src/usbh_conf.o
                0x000000000800d132                USBH_LL_ResetPort
 .text.USBH_LL_GetLastXferSize
                0x000000000800d168       0x26 Src/usbh_conf.o
                0x000000000800d168                USBH_LL_GetLastXferSize
 .text.USBH_LL_OpenPipe
                0x000000000800d18e       0x5e Src/usbh_conf.o
                0x000000000800d18e                USBH_LL_OpenPipe
 .text.USBH_LL_ClosePipe
                0x000000000800d1ec       0x3e Src/usbh_conf.o
                0x000000000800d1ec                USBH_LL_ClosePipe
 .text.USBH_LL_SubmitURB
                0x000000000800d22a       0x62 Src/usbh_conf.o
                0x000000000800d22a                USBH_LL_SubmitURB
 .text.USBH_LL_GetURBState
                0x000000000800d28c       0x26 Src/usbh_conf.o
                0x000000000800d28c                USBH_LL_GetURBState
 .text.USBH_LL_DriverVBUS
                0x000000000800d2b2       0x2e Src/usbh_conf.o
                0x000000000800d2b2                USBH_LL_DriverVBUS
 .text.USBH_LL_SetToggle
                0x000000000800d2e0       0x66 Src/usbh_conf.o
                0x000000000800d2e0                USBH_LL_SetToggle
 .text.USBH_Delay
                0x000000000800d346       0x16 Src/usbh_conf.o
                0x000000000800d346                USBH_Delay
 .text.USBH_Get_USB_Status
                0x000000000800d35c       0x58 Src/usbh_conf.o
                0x000000000800d35c                USBH_Get_USB_Status
 .text.MX_DriverVbusHS
                0x000000000800d3b4       0x38 Src/usbh_platform.o
                0x000000000800d3b4                MX_DriverVbusHS
 .text.Reset_Handler
                0x000000000800d3ec       0x50 Startup/startup_stm32f429zitx.o
                0x000000000800d3ec                Reset_Handler
 .text.Default_Handler
                0x000000000800d43c        0x2 Startup/startup_stm32f429zitx.o
                0x000000000800d43c                RTC_Alarm_IRQHandler
                0x000000000800d43c                HASH_RNG_IRQHandler
                0x000000000800d43c                EXTI2_IRQHandler
                0x000000000800d43c                TIM8_CC_IRQHandler
                0x000000000800d43c                UART8_IRQHandler
                0x000000000800d43c                SPI4_IRQHandler
                0x000000000800d43c                TIM1_CC_IRQHandler
                0x000000000800d43c                DMA2_Stream5_IRQHandler
                0x000000000800d43c                DMA1_Stream5_IRQHandler
                0x000000000800d43c                PVD_IRQHandler
                0x000000000800d43c                SDIO_IRQHandler
                0x000000000800d43c                TAMP_STAMP_IRQHandler
                0x000000000800d43c                CAN2_RX1_IRQHandler
                0x000000000800d43c                TIM8_TRG_COM_TIM14_IRQHandler
                0x000000000800d43c                TIM8_UP_TIM13_IRQHandler
                0x000000000800d43c                I2C3_ER_IRQHandler
                0x000000000800d43c                EXTI0_IRQHandler
                0x000000000800d43c                I2C2_EV_IRQHandler
                0x000000000800d43c                DMA1_Stream2_IRQHandler
                0x000000000800d43c                CAN1_RX0_IRQHandler
                0x000000000800d43c                FPU_IRQHandler
                0x000000000800d43c                OTG_HS_WKUP_IRQHandler
                0x000000000800d43c                LTDC_ER_IRQHandler
                0x000000000800d43c                CAN2_SCE_IRQHandler
                0x000000000800d43c                DMA2_Stream2_IRQHandler
                0x000000000800d43c                SPI1_IRQHandler
                0x000000000800d43c                TIM1_BRK_TIM9_IRQHandler
                0x000000000800d43c                DCMI_IRQHandler
                0x000000000800d43c                CAN2_RX0_IRQHandler
                0x000000000800d43c                DMA2_Stream3_IRQHandler
                0x000000000800d43c                USART6_IRQHandler
                0x000000000800d43c                USART3_IRQHandler
                0x000000000800d43c                CAN1_RX1_IRQHandler
                0x000000000800d43c                UART5_IRQHandler
                0x000000000800d43c                DMA2_Stream0_IRQHandler
                0x000000000800d43c                TIM4_IRQHandler
                0x000000000800d43c                I2C1_EV_IRQHandler
                0x000000000800d43c                DMA1_Stream6_IRQHandler
                0x000000000800d43c                DMA1_Stream1_IRQHandler
                0x000000000800d43c                UART4_IRQHandler
                0x000000000800d43c                TIM3_IRQHandler
                0x000000000800d43c                RCC_IRQHandler
                0x000000000800d43c                TIM8_BRK_TIM12_IRQHandler
                0x000000000800d43c                Default_Handler
                0x000000000800d43c                EXTI15_10_IRQHandler
                0x000000000800d43c                ADC_IRQHandler
                0x000000000800d43c                DMA1_Stream7_IRQHandler
                0x000000000800d43c                SPI5_IRQHandler
                0x000000000800d43c                TIM7_IRQHandler
                0x000000000800d43c                CAN2_TX_IRQHandler
                0x000000000800d43c                TIM5_IRQHandler
                0x000000000800d43c                DMA2_Stream7_IRQHandler
                0x000000000800d43c                I2C3_EV_IRQHandler
                0x000000000800d43c                RTC_WKUP_IRQHandler
                0x000000000800d43c                ETH_WKUP_IRQHandler
                0x000000000800d43c                SPI2_IRQHandler
                0x000000000800d43c                OTG_HS_EP1_IN_IRQHandler
                0x000000000800d43c                DMA1_Stream0_IRQHandler
                0x000000000800d43c                CAN1_TX_IRQHandler
                0x000000000800d43c                EXTI4_IRQHandler
                0x000000000800d43c                ETH_IRQHandler
                0x000000000800d43c                OTG_HS_EP1_OUT_IRQHandler
                0x000000000800d43c                WWDG_IRQHandler
                0x000000000800d43c                SPI6_IRQHandler
                0x000000000800d43c                TIM2_IRQHandler
                0x000000000800d43c                OTG_FS_WKUP_IRQHandler
                0x000000000800d43c                TIM1_TRG_COM_TIM11_IRQHandler
                0x000000000800d43c                EXTI1_IRQHandler
                0x000000000800d43c                UART7_IRQHandler
                0x000000000800d43c                USART2_IRQHandler
                0x000000000800d43c                I2C2_ER_IRQHandler
                0x000000000800d43c                DMA2_Stream1_IRQHandler
                0x000000000800d43c                CAN1_SCE_IRQHandler
                0x000000000800d43c                FLASH_IRQHandler
                0x000000000800d43c                DMA2_Stream4_IRQHandler
                0x000000000800d43c                USART1_IRQHandler
                0x000000000800d43c                OTG_FS_IRQHandler
                0x000000000800d43c                SPI3_IRQHandler
                0x000000000800d43c                DMA1_Stream4_IRQHandler
                0x000000000800d43c                I2C1_ER_IRQHandler
                0x000000000800d43c                FMC_IRQHandler
                0x000000000800d43c                DMA2_Stream6_IRQHandler
                0x000000000800d43c                SAI1_IRQHandler
                0x000000000800d43c                DMA1_Stream3_IRQHandler
 *fill*         0x000000000800d43e        0x2 
 .text.__errno  0x000000000800d440        0xc c:/st/stm32cubeide_1.3.0/stm32cubeide/plugins/com.st.stm32cube.ide.mcu.externaltools.gnu-tools-for-stm32.7-2018-q2-update.win32_1.0.0.201904181610/tools/bin/../lib/gcc/arm-none-eabi/7.3.1/../../../../arm-none-eabi/lib/thumb/v7e-m/fpv4-sp/hard\libc_nano.a(lib_a-errno.o)
                0x000000000800d440                __errno
 .text.__libc_init_array
                0x000000000800d44c       0x48 c:/st/stm32cubeide_1.3.0/stm32cubeide/plugins/com.st.stm32cube.ide.mcu.externaltools.gnu-tools-for-stm32.7-2018-q2-update.win32_1.0.0.201904181610/tools/bin/../lib/gcc/arm-none-eabi/7.3.1/../../../../arm-none-eabi/lib/thumb/v7e-m/fpv4-sp/hard\libc_nano.a(lib_a-init.o)
                0x000000000800d44c                __libc_init_array
 .text.malloc   0x000000000800d494       0x10 c:/st/stm32cubeide_1.3.0/stm32cubeide/plugins/com.st.stm32cube.ide.mcu.externaltools.gnu-tools-for-stm32.7-2018-q2-update.win32_1.0.0.201904181610/tools/bin/../lib/gcc/arm-none-eabi/7.3.1/../../../../arm-none-eabi/lib/thumb/v7e-m/fpv4-sp/hard\libc_nano.a(lib_a-malloc.o)
                0x000000000800d494                malloc
 .text.free     0x000000000800d4a4       0x10 c:/st/stm32cubeide_1.3.0/stm32cubeide/plugins/com.st.stm32cube.ide.mcu.externaltools.gnu-tools-for-stm32.7-2018-q2-update.win32_1.0.0.201904181610/tools/bin/../lib/gcc/arm-none-eabi/7.3.1/../../../../arm-none-eabi/lib/thumb/v7e-m/fpv4-sp/hard\libc_nano.a(lib_a-malloc.o)
                0x000000000800d4a4                free
 .text.memcpy   0x000000000800d4b4       0x16 c:/st/stm32cubeide_1.3.0/stm32cubeide/plugins/com.st.stm32cube.ide.mcu.externaltools.gnu-tools-for-stm32.7-2018-q2-update.win32_1.0.0.201904181610/tools/bin/../lib/gcc/arm-none-eabi/7.3.1/../../../../arm-none-eabi/lib/thumb/v7e-m/fpv4-sp/hard\libc_nano.a(lib_a-memcpy-stub.o)
                0x000000000800d4b4                memcpy
 .text.memset   0x000000000800d4ca       0x10 c:/st/stm32cubeide_1.3.0/stm32cubeide/plugins/com.st.stm32cube.ide.mcu.externaltools.gnu-tools-for-stm32.7-2018-q2-update.win32_1.0.0.201904181610/tools/bin/../lib/gcc/arm-none-eabi/7.3.1/../../../../arm-none-eabi/lib/thumb/v7e-m/fpv4-sp/hard\libc_nano.a(lib_a-memset.o)
                0x000000000800d4ca                memset
 *fill*         0x000000000800d4da        0x2 
 .text._free_r  0x000000000800d4dc       0x9c c:/st/stm32cubeide_1.3.0/stm32cubeide/plugins/com.st.stm32cube.ide.mcu.externaltools.gnu-tools-for-stm32.7-2018-q2-update.win32_1.0.0.201904181610/tools/bin/../lib/gcc/arm-none-eabi/7.3.1/../../../../arm-none-eabi/lib/thumb/v7e-m/fpv4-sp/hard\libc_nano.a(lib_a-nano-freer.o)
                0x000000000800d4dc                _free_r
 .text._malloc_r
                0x000000000800d578       0xb4 c:/st/stm32cubeide_1.3.0/stm32cubeide/plugins/com.st.stm32cube.ide.mcu.externaltools.gnu-tools-for-stm32.7-2018-q2-update.win32_1.0.0.201904181610/tools/bin/../lib/gcc/arm-none-eabi/7.3.1/../../../../arm-none-eabi/lib/thumb/v7e-m/fpv4-sp/hard\libc_nano.a(lib_a-nano-mallocr.o)
                0x000000000800d578                _malloc_r
 .text._sbrk_r  0x000000000800d62c       0x20 c:/st/stm32cubeide_1.3.0/stm32cubeide/plugins/com.st.stm32cube.ide.mcu.externaltools.gnu-tools-for-stm32.7-2018-q2-update.win32_1.0.0.201904181610/tools/bin/../lib/gcc/arm-none-eabi/7.3.1/../../../../arm-none-eabi/lib/thumb/v7e-m/fpv4-sp/hard\libc_nano.a(lib_a-sbrkr.o)
                0x000000000800d62c                _sbrk_r
 .text.__malloc_lock
                0x000000000800d64c        0x2 c:/st/stm32cubeide_1.3.0/stm32cubeide/plugins/com.st.stm32cube.ide.mcu.externaltools.gnu-tools-for-stm32.7-2018-q2-update.win32_1.0.0.201904181610/tools/bin/../lib/gcc/arm-none-eabi/7.3.1/../../../../arm-none-eabi/lib/thumb/v7e-m/fpv4-sp/hard\libc_nano.a(lib_a-mlock.o)
                0x000000000800d64c                __malloc_lock
 .text.__malloc_unlock
                0x000000000800d64e        0x2 c:/st/stm32cubeide_1.3.0/stm32cubeide/plugins/com.st.stm32cube.ide.mcu.externaltools.gnu-tools-for-stm32.7-2018-q2-update.win32_1.0.0.201904181610/tools/bin/../lib/gcc/arm-none-eabi/7.3.1/../../../../arm-none-eabi/lib/thumb/v7e-m/fpv4-sp/hard\libc_nano.a(lib_a-mlock.o)
                0x000000000800d64e                __malloc_unlock
 *(.glue_7)
 .glue_7        0x000000000800d650        0x0 linker stubs
 *(.glue_7t)
 .glue_7t       0x000000000800d650        0x0 linker stubs
 *(.eh_frame)
 .eh_frame      0x000000000800d650        0x0 c:/st/stm32cubeide_1.3.0/stm32cubeide/plugins/com.st.stm32cube.ide.mcu.externaltools.gnu-tools-for-stm32.7-2018-q2-update.win32_1.0.0.201904181610/tools/bin/../lib/gcc/arm-none-eabi/7.3.1/thumb/v7e-m/fpv4-sp/hard/crtbegin.o
 *(.init)
 .init          0x000000000800d650        0x4 c:/st/stm32cubeide_1.3.0/stm32cubeide/plugins/com.st.stm32cube.ide.mcu.externaltools.gnu-tools-for-stm32.7-2018-q2-update.win32_1.0.0.201904181610/tools/bin/../lib/gcc/arm-none-eabi/7.3.1/thumb/v7e-m/fpv4-sp/hard/crti.o
                0x000000000800d650                _init
 .init          0x000000000800d654        0x8 c:/st/stm32cubeide_1.3.0/stm32cubeide/plugins/com.st.stm32cube.ide.mcu.externaltools.gnu-tools-for-stm32.7-2018-q2-update.win32_1.0.0.201904181610/tools/bin/../lib/gcc/arm-none-eabi/7.3.1/thumb/v7e-m/fpv4-sp/hard/crtn.o
 *(.fini)
 .fini          0x000000000800d65c        0x4 c:/st/stm32cubeide_1.3.0/stm32cubeide/plugins/com.st.stm32cube.ide.mcu.externaltools.gnu-tools-for-stm32.7-2018-q2-update.win32_1.0.0.201904181610/tools/bin/../lib/gcc/arm-none-eabi/7.3.1/thumb/v7e-m/fpv4-sp/hard/crti.o
                0x000000000800d65c                _fini
 .fini          0x000000000800d660        0x8 c:/st/stm32cubeide_1.3.0/stm32cubeide/plugins/com.st.stm32cube.ide.mcu.externaltools.gnu-tools-for-stm32.7-2018-q2-update.win32_1.0.0.201904181610/tools/bin/../lib/gcc/arm-none-eabi/7.3.1/thumb/v7e-m/fpv4-sp/hard/crtn.o
                0x000000000800d668                . = ALIGN (0x4)
                0x000000000800d668                _etext = .

.vfp11_veneer   0x000000000800d668        0x0
 .vfp11_veneer  0x000000000800d668        0x0 linker stubs

.v4_bx          0x000000000800d668        0x0
 .v4_bx         0x000000000800d668        0x0 linker stubs

.iplt           0x000000000800d668        0x0
 .iplt          0x000000000800d668        0x0 c:/st/stm32cubeide_1.3.0/stm32cubeide/plugins/com.st.stm32cube.ide.mcu.externaltools.gnu-tools-for-stm32.7-2018-q2-update.win32_1.0.0.201904181610/tools/bin/../lib/gcc/arm-none-eabi/7.3.1/thumb/v7e-m/fpv4-sp/hard/crtbegin.o

.rodata         0x000000000800d668       0xb4
                0x000000000800d668                . = ALIGN (0x4)
 *(.rodata)
 .rodata        0x000000000800d668        0x4 Middlewares/ST/STM32_USB_Host_Library/Class/CDC/Src/usbh_cdc.o
 .rodata        0x000000000800d66c       0x38 Middlewares/ST/STM32_USB_Host_Library/Core/Src/usbh_core.o
 .rodata        0x000000000800d6a4        0x5 Middlewares/Third_Party/FreeRTOS/Source/tasks.o
 *fill*         0x000000000800d6a9        0x3 
 .rodata        0x000000000800d6ac       0x38 Src/main.o
 *(.rodata*)
 .rodata.Cursor_Data
                0x000000000800d6e4       0x20 Src/lcd_i2cModule.o
 .rodata.AHBPrescTable
                0x000000000800d704       0x10 Src/system_stm32f4xx.o
                0x000000000800d704                AHBPrescTable
 .rodata.APBPrescTable
                0x000000000800d714        0x8 Src/system_stm32f4xx.o
                0x000000000800d714                APBPrescTable
                0x000000000800d71c                . = ALIGN (0x4)

.ARM.extab      0x000000000800d71c        0x0
                0x000000000800d71c                . = ALIGN (0x4)
 *(.ARM.extab* .gnu.linkonce.armextab.*)
                0x000000000800d71c                . = ALIGN (0x4)

.ARM            0x000000000800d71c        0x8
                0x000000000800d71c                . = ALIGN (0x4)
                0x000000000800d71c                __exidx_start = .
 *(.ARM.exidx*)
 .ARM.exidx     0x000000000800d71c        0x8 c:/st/stm32cubeide_1.3.0/stm32cubeide/plugins/com.st.stm32cube.ide.mcu.externaltools.gnu-tools-for-stm32.7-2018-q2-update.win32_1.0.0.201904181610/tools/bin/../lib/gcc/arm-none-eabi/7.3.1/thumb/v7e-m/fpv4-sp/hard\libgcc.a(_udivmoddi4.o)
                0x000000000800d724                __exidx_end = .
                0x000000000800d724                . = ALIGN (0x4)

.rel.dyn        0x000000000800d724        0x0
 .rel.iplt      0x000000000800d724        0x0 c:/st/stm32cubeide_1.3.0/stm32cubeide/plugins/com.st.stm32cube.ide.mcu.externaltools.gnu-tools-for-stm32.7-2018-q2-update.win32_1.0.0.201904181610/tools/bin/../lib/gcc/arm-none-eabi/7.3.1/thumb/v7e-m/fpv4-sp/hard/crtbegin.o

.preinit_array  0x000000000800d724        0x0
                0x000000000800d724                . = ALIGN (0x4)
                0x000000000800d724                PROVIDE (__preinit_array_start = .)
 *(.preinit_array*)
                0x000000000800d724                PROVIDE (__preinit_array_end = .)
                0x000000000800d724                . = ALIGN (0x4)

.init_array     0x000000000800d724        0x4
                0x000000000800d724                . = ALIGN (0x4)
                0x000000000800d724                PROVIDE (__init_array_start = .)
 *(SORT_BY_NAME(.init_array.*))
 *(.init_array*)
 .init_array    0x000000000800d724        0x4 c:/st/stm32cubeide_1.3.0/stm32cubeide/plugins/com.st.stm32cube.ide.mcu.externaltools.gnu-tools-for-stm32.7-2018-q2-update.win32_1.0.0.201904181610/tools/bin/../lib/gcc/arm-none-eabi/7.3.1/thumb/v7e-m/fpv4-sp/hard/crtbegin.o
                0x000000000800d728                PROVIDE (__init_array_end = .)
                0x000000000800d728                . = ALIGN (0x4)

.fini_array     0x000000000800d728        0x4
                0x000000000800d728                . = ALIGN (0x4)
                [!provide]                        PROVIDE (__fini_array_start = .)
 *(SORT_BY_NAME(.fini_array.*))
 *(.fini_array*)
 .fini_array    0x000000000800d728        0x4 c:/st/stm32cubeide_1.3.0/stm32cubeide/plugins/com.st.stm32cube.ide.mcu.externaltools.gnu-tools-for-stm32.7-2018-q2-update.win32_1.0.0.201904181610/tools/bin/../lib/gcc/arm-none-eabi/7.3.1/thumb/v7e-m/fpv4-sp/hard/crtbegin.o
                [!provide]                        PROVIDE (__fini_array_end = .)
                0x000000000800d72c                . = ALIGN (0x4)
                0x000000000800d72c                _sidata = LOADADDR (.data)

.data           0x0000000020000000       0xa8 load address 0x000000000800d72c
                0x0000000020000000                . = ALIGN (0x4)
                0x0000000020000000                _sdata = .
 *(.data)
 *(.data*)
 .data.uwTickPrio
                0x0000000020000000        0x4 Drivers/STM32F4xx_HAL_Driver/Src/stm32f4xx_hal.o
                0x0000000020000000                uwTickPrio
 .data.uwTickFreq
                0x0000000020000004        0x1 Drivers/STM32F4xx_HAL_Driver/Src/stm32f4xx_hal.o
                0x0000000020000004                uwTickFreq
 *fill*         0x0000000020000005        0x3 
 .data.CDC_Class
                0x0000000020000008       0x20 Middlewares/ST/STM32_USB_Host_Library/Class/CDC/Src/usbh_cdc.o
                0x0000000020000008                CDC_Class
 .data.uxCriticalNesting
                0x0000000020000028        0x4 Middlewares/Third_Party/FreeRTOS/Source/portable/GCC/ARM_CM4F/port.o
 .data.i2cDeviceAddr
                0x000000002000002c        0x1 Src/lcd_i2cModule.o
                0x000000002000002c                i2cDeviceAddr
 *fill*         0x000000002000002d        0x3 
 .data.hi2cx    0x0000000020000030        0x4 Src/lcd_i2cModule.o
                0x0000000020000030                hi2cx
 .data.Mask_Data
                0x0000000020000034        0x1 Src/lcd_i2cModule.o
 .data.line_pos
                0x0000000020000035        0x1 Src/lcd_i2cModule.o
 *fill*         0x0000000020000036        0x2 
 .data.i.10688  0x0000000020000038        0x4 Src/lcd_i2cModule.o
 .data.EXTI3_IRQ_Resume
                0x000000002000003c        0x1 Src/main.o
                0x000000002000003c                EXTI3_IRQ_Resume
 .data.EXTI6_IRQ_Resume
                0x000000002000003d        0x1 Src/main.o
                0x000000002000003d                EXTI6_IRQ_Resume
 *fill*         0x000000002000003e        0x2 
 .data.SystemCoreClock
                0x0000000020000040        0x4 Src/system_stm32f4xx.o
                0x0000000020000040                SystemCoreClock
 .data._impure_ptr
                0x0000000020000044        0x4 c:/st/stm32cubeide_1.3.0/stm32cubeide/plugins/com.st.stm32cube.ide.mcu.externaltools.gnu-tools-for-stm32.7-2018-q2-update.win32_1.0.0.201904181610/tools/bin/../lib/gcc/arm-none-eabi/7.3.1/../../../../arm-none-eabi/lib/thumb/v7e-m/fpv4-sp/hard\libc_nano.a(lib_a-impure.o)
                0x0000000020000044                _impure_ptr
 .data.impure_data
                0x0000000020000048       0x60 c:/st/stm32cubeide_1.3.0/stm32cubeide/plugins/com.st.stm32cube.ide.mcu.externaltools.gnu-tools-for-stm32.7-2018-q2-update.win32_1.0.0.201904181610/tools/bin/../lib/gcc/arm-none-eabi/7.3.1/../../../../arm-none-eabi/lib/thumb/v7e-m/fpv4-sp/hard\libc_nano.a(lib_a-impure.o)
                0x00000000200000a8                . = ALIGN (0x4)
                0x00000000200000a8                _edata = .

.igot.plt       0x00000000200000a8        0x0 load address 0x000000000800d7d4
 .igot.plt      0x00000000200000a8        0x0 c:/st/stm32cubeide_1.3.0/stm32cubeide/plugins/com.st.stm32cube.ide.mcu.externaltools.gnu-tools-for-stm32.7-2018-q2-update.win32_1.0.0.201904181610/tools/bin/../lib/gcc/arm-none-eabi/7.3.1/thumb/v7e-m/fpv4-sp/hard/crtbegin.o
                0x00000000200000a8                . = ALIGN (0x4)

.bss            0x00000000200000a8     0x8fcc load address 0x000000000800d7d4
                0x00000000200000a8                _sbss = .
                0x00000000200000a8                __bss_start__ = _sbss
 *(.bss)
 .bss           0x00000000200000a8       0x1c c:/st/stm32cubeide_1.3.0/stm32cubeide/plugins/com.st.stm32cube.ide.mcu.externaltools.gnu-tools-for-stm32.7-2018-q2-update.win32_1.0.0.201904181610/tools/bin/../lib/gcc/arm-none-eabi/7.3.1/thumb/v7e-m/fpv4-sp/hard/crtbegin.o
 *(.bss*)
 .bss.tmpreg.9679
                0x00000000200000c4        0x4 Drivers/STM32F4xx_HAL_Driver/Src/stm32f4xx_ll_usb.o
 .bss.pxCurrentTCB
                0x00000000200000c8        0x4 Middlewares/Third_Party/FreeRTOS/Source/tasks.o
                0x00000000200000c8                pxCurrentTCB
 .bss.pxReadyTasksLists
                0x00000000200000cc       0x8c Middlewares/Third_Party/FreeRTOS/Source/tasks.o
 .bss.xDelayedTaskList1
                0x0000000020000158       0x14 Middlewares/Third_Party/FreeRTOS/Source/tasks.o
 .bss.xDelayedTaskList2
                0x000000002000016c       0x14 Middlewares/Third_Party/FreeRTOS/Source/tasks.o
 .bss.pxDelayedTaskList
                0x0000000020000180        0x4 Middlewares/Third_Party/FreeRTOS/Source/tasks.o
 .bss.pxOverflowDelayedTaskList
                0x0000000020000184        0x4 Middlewares/Third_Party/FreeRTOS/Source/tasks.o
 .bss.xPendingReadyList
                0x0000000020000188       0x14 Middlewares/Third_Party/FreeRTOS/Source/tasks.o
 .bss.xTasksWaitingTermination
                0x000000002000019c       0x14 Middlewares/Third_Party/FreeRTOS/Source/tasks.o
 .bss.uxDeletedTasksWaitingCleanUp
                0x00000000200001b0        0x4 Middlewares/Third_Party/FreeRTOS/Source/tasks.o
 .bss.xSuspendedTaskList
                0x00000000200001b4       0x14 Middlewares/Third_Party/FreeRTOS/Source/tasks.o
 .bss.uxCurrentNumberOfTasks
                0x00000000200001c8        0x4 Middlewares/Third_Party/FreeRTOS/Source/tasks.o
 .bss.xTickCount
                0x00000000200001cc        0x4 Middlewares/Third_Party/FreeRTOS/Source/tasks.o
 .bss.uxTopReadyPriority
                0x00000000200001d0        0x4 Middlewares/Third_Party/FreeRTOS/Source/tasks.o
 .bss.xSchedulerRunning
                0x00000000200001d4        0x4 Middlewares/Third_Party/FreeRTOS/Source/tasks.o
 .bss.uxPendedTicks
                0x00000000200001d8        0x4 Middlewares/Third_Party/FreeRTOS/Source/tasks.o
 .bss.xYieldPending
                0x00000000200001dc        0x4 Middlewares/Third_Party/FreeRTOS/Source/tasks.o
 .bss.xNumOfOverflows
                0x00000000200001e0        0x4 Middlewares/Third_Party/FreeRTOS/Source/tasks.o
 .bss.uxTaskNumber
                0x00000000200001e4        0x4 Middlewares/Third_Party/FreeRTOS/Source/tasks.o
 .bss.xNextTaskUnblockTime
                0x00000000200001e8        0x4 Middlewares/Third_Party/FreeRTOS/Source/tasks.o
 .bss.xIdleTaskHandle
                0x00000000200001ec        0x4 Middlewares/Third_Party/FreeRTOS/Source/tasks.o
 .bss.uxSchedulerSuspended
                0x00000000200001f0        0x4 Middlewares/Third_Party/FreeRTOS/Source/tasks.o
 .bss.ucMaxSysCallPriority
                0x00000000200001f4        0x1 Middlewares/Third_Party/FreeRTOS/Source/portable/GCC/ARM_CM4F/port.o
 *fill*         0x00000000200001f5        0x3 
 .bss.ulMaxPRIGROUPValue
                0x00000000200001f8        0x4 Middlewares/Third_Party/FreeRTOS/Source/portable/GCC/ARM_CM4F/port.o
 .bss.ucHeap    0x00000000200001fc     0x8000 Middlewares/Third_Party/FreeRTOS/Source/portable/MemMang/heap_4.o
 .bss.xStart    0x00000000200081fc        0x8 Middlewares/Third_Party/FreeRTOS/Source/portable/MemMang/heap_4.o
 .bss.pxEnd     0x0000000020008204        0x4 Middlewares/Third_Party/FreeRTOS/Source/portable/MemMang/heap_4.o
 .bss.xFreeBytesRemaining
                0x0000000020008208        0x4 Middlewares/Third_Party/FreeRTOS/Source/portable/MemMang/heap_4.o
 .bss.xMinimumEverFreeBytesRemaining
                0x000000002000820c        0x4 Middlewares/Third_Party/FreeRTOS/Source/portable/MemMang/heap_4.o
 .bss.xBlockAllocatedBit
                0x0000000020008210        0x4 Middlewares/Third_Party/FreeRTOS/Source/portable/MemMang/heap_4.o
 .bss.xIdleTaskTCBBuffer
                0x0000000020008214       0x58 Src/freertos.o
 .bss.xIdleStack
                0x000000002000826c      0x200 Src/freertos.o
 .bss.data      0x000000002000846c        0x4 Src/lcd_i2cModule.o
 .bss.data_M    0x0000000020008470        0x1 Src/lcd_i2cModule.o
 .bss.data_L    0x0000000020008471        0x1 Src/lcd_i2cModule.o
 .bss.data_BL   0x0000000020008472        0x1 Src/lcd_i2cModule.o
 .bss.str_len   0x0000000020008473        0x1 Src/lcd_i2cModule.o
 .bss.buffer.10687
                0x0000000020008474      0x190 Src/lcd_i2cModule.o
 .bss.ch_len.10690
                0x0000000020008604        0x1 Src/lcd_i2cModule.o
 *fill*         0x0000000020008605        0x3 
 .bss.c.10689   0x0000000020008608        0x4 Src/lcd_i2cModule.o
 *fill*         0x000000002000860c        0x4 
 .bss.TIM10_Counter
                0x0000000020008610        0x8 Src/main.o
                0x0000000020008610                TIM10_Counter
 .bss.MorseCode_Sequence
                0x0000000020008618        0x1 Src/main.o
                0x0000000020008618                MorseCode_Sequence
 .bss.MorseCode_Sequence_Count
                0x0000000020008619        0x1 Src/main.o
                0x0000000020008619                MorseCode_Sequence_Count
 *fill*         0x000000002000861a        0x2 
 .bss.MorseCode_Lookup
                0x000000002000861c       0x9b Src/main.o
                0x000000002000861c                MorseCode_Lookup
 *fill*         0x00000000200086b7        0x1 
 .bss.FMC_Initialized
                0x00000000200086b8        0x4 Src/stm32f4xx_hal_msp.o
 .bss.heap_end.6424
                0x00000000200086bc        0x4 Src/sysmem.o
 .bss.Appli_state
                0x00000000200086c0        0x1 Src/usb_host.o
                0x00000000200086c0                Appli_state
 *fill*         0x00000000200086c1        0x3 
 .bss.__malloc_free_list
                0x00000000200086c4        0x4 c:/st/stm32cubeide_1.3.0/stm32cubeide/plugins/com.st.stm32cube.ide.mcu.externaltools.gnu-tools-for-stm32.7-2018-q2-update.win32_1.0.0.201904181610/tools/bin/../lib/gcc/arm-none-eabi/7.3.1/../../../../arm-none-eabi/lib/thumb/v7e-m/fpv4-sp/hard\libc_nano.a(lib_a-nano-mallocr.o)
                0x00000000200086c4                __malloc_free_list
 .bss.__malloc_sbrk_start
                0x00000000200086c8        0x4 c:/st/stm32cubeide_1.3.0/stm32cubeide/plugins/com.st.stm32cube.ide.mcu.externaltools.gnu-tools-for-stm32.7-2018-q2-update.win32_1.0.0.201904181610/tools/bin/../lib/gcc/arm-none-eabi/7.3.1/../../../../arm-none-eabi/lib/thumb/v7e-m/fpv4-sp/hard\libc_nano.a(lib_a-nano-mallocr.o)
                0x00000000200086c8                __malloc_sbrk_start
 *(COMMON)
 COMMON         0x00000000200086cc        0x4 Drivers/STM32F4xx_HAL_Driver/Src/stm32f4xx_hal.o
                0x00000000200086cc                uwTick
 COMMON         0x00000000200086d0      0x2b8 Src/main.o
                0x00000000200086d0                defaultTaskHandle
                0x00000000200086d4                hi2c3
                0x0000000020008728                hspi5
                0x0000000020008780                TaskHandle_2
                0x0000000020008788                MorseCode_Time_Elapsed_Dash
                0x0000000020008790                htim10
                0x00000000200087d0                hcrc
                0x00000000200087d8                MorseCode_Time_Elpased_Unit
                0x00000000200087e0                hltdc
                0x0000000020008888                huart1
                0x00000000200088c8                htim1
                0x0000000020008908                MorseCode_Time_Elapsed_Dot
                0x0000000020008910                hdma2d
                0x0000000020008950                TaskHandle_1
                0x0000000020008954                hsdram1
 COMMON         0x0000000020008988       0x40 Src/stm32f4xx_hal_timebase_tim.o
                0x0000000020008988                htim6
 COMMON         0x00000000200089c8      0x3e4 Src/usb_host.o
                0x00000000200089c8                hUsbHostHS
 COMMON         0x0000000020008dac      0x2c4 Src/usbh_conf.o
                0x0000000020008dac                hhcd_USB_OTG_HS
 COMMON         0x0000000020009070        0x4 c:/st/stm32cubeide_1.3.0/stm32cubeide/plugins/com.st.stm32cube.ide.mcu.externaltools.gnu-tools-for-stm32.7-2018-q2-update.win32_1.0.0.201904181610/tools/bin/../lib/gcc/arm-none-eabi/7.3.1/../../../../arm-none-eabi/lib/thumb/v7e-m/fpv4-sp/hard\libc_nano.a(lib_a-reent.o)
                0x0000000020009070                errno
                0x0000000020009074                . = ALIGN (0x4)
                0x0000000020009074                _ebss = .
                0x0000000020009074                __bss_end__ = _ebss

._user_heap_stack
                0x0000000020009074      0x604 load address 0x000000000800d7d4
                0x0000000020009078                . = ALIGN (0x8)
 *fill*         0x0000000020009074        0x4 
                0x0000000020009078                PROVIDE (end = .)
                [!provide]                        PROVIDE (_end = .)
                0x0000000020009278                . = (. + _Min_Heap_Size)
 *fill*         0x0000000020009078      0x200 
                0x0000000020009678                . = (. + _Min_Stack_Size)
 *fill*         0x0000000020009278      0x400 
                0x0000000020009678                . = ALIGN (0x8)

/DISCARD/
 libc.a(*)
 libm.a(*)
 libgcc.a(*)

.ARM.attributes
                0x0000000000000000       0x30
 *(.ARM.attributes)
 .ARM.attributes
                0x0000000000000000       0x22 c:/st/stm32cubeide_1.3.0/stm32cubeide/plugins/com.st.stm32cube.ide.mcu.externaltools.gnu-tools-for-stm32.7-2018-q2-update.win32_1.0.0.201904181610/tools/bin/../lib/gcc/arm-none-eabi/7.3.1/thumb/v7e-m/fpv4-sp/hard/crti.o
 .ARM.attributes
                0x0000000000000022       0x34 c:/st/stm32cubeide_1.3.0/stm32cubeide/plugins/com.st.stm32cube.ide.mcu.externaltools.gnu-tools-for-stm32.7-2018-q2-update.win32_1.0.0.201904181610/tools/bin/../lib/gcc/arm-none-eabi/7.3.1/thumb/v7e-m/fpv4-sp/hard/crtbegin.o
 .ARM.attributes
                0x0000000000000056       0x39 Drivers/STM32F4xx_HAL_Driver/Src/stm32f4xx_hal.o
 .ARM.attributes
                0x000000000000008f       0x39 Drivers/STM32F4xx_HAL_Driver/Src/stm32f4xx_hal_cortex.o
 .ARM.attributes
                0x00000000000000c8       0x39 Drivers/STM32F4xx_HAL_Driver/Src/stm32f4xx_hal_crc.o
 .ARM.attributes
                0x0000000000000101       0x39 Drivers/STM32F4xx_HAL_Driver/Src/stm32f4xx_hal_dma2d.o
 .ARM.attributes
                0x000000000000013a       0x39 Drivers/STM32F4xx_HAL_Driver/Src/stm32f4xx_hal_gpio.o
 .ARM.attributes
                0x0000000000000173       0x39 Drivers/STM32F4xx_HAL_Driver/Src/stm32f4xx_hal_hcd.o
 .ARM.attributes
                0x00000000000001ac       0x39 Drivers/STM32F4xx_HAL_Driver/Src/stm32f4xx_hal_i2c.o
 .ARM.attributes
                0x00000000000001e5       0x39 Drivers/STM32F4xx_HAL_Driver/Src/stm32f4xx_hal_i2c_ex.o
 .ARM.attributes
                0x000000000000021e       0x39 Drivers/STM32F4xx_HAL_Driver/Src/stm32f4xx_hal_ltdc.o
 .ARM.attributes
                0x0000000000000257       0x39 Drivers/STM32F4xx_HAL_Driver/Src/stm32f4xx_hal_rcc.o
 .ARM.attributes
                0x0000000000000290       0x39 Drivers/STM32F4xx_HAL_Driver/Src/stm32f4xx_hal_rcc_ex.o
 .ARM.attributes
                0x00000000000002c9       0x39 Drivers/STM32F4xx_HAL_Driver/Src/stm32f4xx_hal_sdram.o
 .ARM.attributes
                0x0000000000000302       0x39 Drivers/STM32F4xx_HAL_Driver/Src/stm32f4xx_hal_spi.o
 .ARM.attributes
                0x000000000000033b       0x39 Drivers/STM32F4xx_HAL_Driver/Src/stm32f4xx_hal_tim.o
 .ARM.attributes
                0x0000000000000374       0x39 Drivers/STM32F4xx_HAL_Driver/Src/stm32f4xx_hal_tim_ex.o
 .ARM.attributes